`torch_dtype` is deprecated! Use `dtype` instead!
The following generation flags are not valid and may be ignored: ['top_p', 'top_k']. Set `TRANSFORMERS_VERBOSITY=info` for more details.
profile opportunity++ cuda distrixsense: 218128 parameters
profile opportunity++ cuda dense: 195848 parameters
profile opportunity++ cuda dense_tokens: 207728 parameters
profile opportunity++ cuda raw: 195848 parameters
profile opportunity++ cuda early_fusion: 115208 parameters
profile opportunity++ cuda late_fusion: 169798 parameters
profile opportunity++ cuda local_only: 169798 parameters
profile opportunity++ cuda bottleneck: 197308 parameters
profile opportunity++ cuda tokenlearner: 202448 parameters
profile opportunity++ cuda posthoc_vq: 221448 parameters
profile opportunity++ cuda joint_vq: 233328 parameters
profile opportunity++ cuda deepconvlstm: 185182 parameters
profile opportunity++ cuda unrestricted_bank: 239248 parameters
profile opportunity++ cuda separate_banks: 218128 parameters
profile opportunity++ cuda fixed_resampling: 218128 parameters
profile opportunity++ cuda finetune_encoders: 218128 parameters
profile opportunity++ cuda no_alignment: 218128 parameters
profile opportunity++ cuda no_usage: 218128 parameters
profile opportunity++ cuda tcn: 100968 parameters
profile opportunity++ cuda ts_transformer: 113832 parameters
profile opportunity++ cuda patchtst: 97640 parameters
profile opportunity++ mixed distrixsense: 218128 parameters
profile opportunity++ mixed dense: 195848 parameters
profile opportunity++ mixed dense_tokens: 207728 parameters
profile opportunity++ mixed raw: 195848 parameters
profile opportunity++ mixed early_fusion: 115208 parameters
profile opportunity++ mixed late_fusion: 169798 parameters
profile opportunity++ mixed local_only: 169798 parameters
profile opportunity++ mixed bottleneck: 197308 parameters
profile opportunity++ mixed tokenlearner: 202448 parameters
profile opportunity++ mixed posthoc_vq: 221448 parameters
profile opportunity++ mixed joint_vq: 233328 parameters
profile opportunity++ mixed deepconvlstm: 185182 parameters
profile opportunity++ mixed unrestricted_bank: 239248 parameters
profile opportunity++ mixed separate_banks: 218128 parameters
profile opportunity++ mixed fixed_resampling: 218128 parameters
profile opportunity++ mixed finetune_encoders: 218128 parameters
profile opportunity++ mixed no_alignment: 218128 parameters
profile opportunity++ mixed no_usage: 218128 parameters
profile opportunity++ mixed tcn: 100968 parameters
profile opportunity++ mixed ts_transformer: 113832 parameters
profile opportunity++ mixed patchtst: 97640 parameters
profile opportunity++ cuda distrixsense: 42510 parameters
profile opportunity++ cuda dense: 38054 parameters
profile opportunity++ cuda dense_tokens: 40430 parameters
profile opportunity++ cuda raw: 38054 parameters
profile opportunity++ cuda early_fusion: 30246 parameters
profile opportunity++ cuda late_fusion: 10940 parameters
profile opportunity++ cuda local_only: 10940 parameters
profile opportunity++ cuda bottleneck: 38346 parameters
profile opportunity++ cuda tokenlearner: 39374 parameters
profile opportunity++ cuda posthoc_vq: 40102 parameters
profile opportunity++ cuda joint_vq: 42478 parameters
profile opportunity++ cuda deepconvlstm: 40188 parameters
profile opportunity++ cuda unrestricted_bank: 42510 parameters
profile opportunity++ cuda separate_banks: 42510 parameters
profile opportunity++ cuda fixed_resampling: 42510 parameters
profile opportunity++ cuda finetune_encoders: 42510 parameters
profile opportunity++ cuda no_alignment: 42510 parameters
profile opportunity++ cuda no_usage: 42510 parameters
profile opportunity++ cuda tcn: 16134 parameters
profile opportunity++ cuda ts_transformer: 28998 parameters
profile opportunity++ cuda patchtst: 28038 parameters
profile opportunity++ mixed distrixsense: 42510 parameters
profile opportunity++ mixed dense: 38054 parameters
profile opportunity++ mixed dense_tokens: 40430 parameters
profile opportunity++ mixed raw: 38054 parameters
profile opportunity++ mixed early_fusion: 30246 parameters
profile opportunity++ mixed late_fusion: 10940 parameters
profile opportunity++ mixed local_only: 10940 parameters
profile opportunity++ mixed bottleneck: 38346 parameters
profile opportunity++ mixed tokenlearner: 39374 parameters
profile opportunity++ mixed posthoc_vq: 40102 parameters
profile opportunity++ mixed joint_vq: 42478 parameters
profile opportunity++ mixed deepconvlstm: 40188 parameters
profile opportunity++ mixed unrestricted_bank: 42510 parameters
profile opportunity++ mixed separate_banks: 42510 parameters
profile opportunity++ mixed fixed_resampling: 42510 parameters
profile opportunity++ mixed finetune_encoders: 42510 parameters
profile opportunity++ mixed no_alignment: 42510 parameters
profile opportunity++ mixed no_usage: 42510 parameters
profile opportunity++ mixed tcn: 16134 parameters
profile opportunity++ mixed ts_transformer: 28998 parameters
profile opportunity++ mixed patchtst: 28038 parameters
profile opportunity++ cuda distrixsense: 53036 parameters
profile opportunity++ cuda dense: 48580 parameters
profile opportunity++ cuda dense_tokens: 50956 parameters
profile opportunity++ cuda raw: 48580 parameters
profile opportunity++ cuda early_fusion: 35908 parameters
profile opportunity++ cuda late_fusion: 21466 parameters
profile opportunity++ cuda local_only: 21466 parameters
profile opportunity++ cuda bottleneck: 48872 parameters
profile opportunity++ cuda tokenlearner: 49900 parameters
profile opportunity++ cuda posthoc_vq: 50628 parameters
profile opportunity++ cuda joint_vq: 53004 parameters
profile opportunity++ cuda deepconvlstm: 50714 parameters
profile opportunity++ cuda unrestricted_bank: 53036 parameters
profile opportunity++ cuda separate_banks: 53036 parameters
profile opportunity++ cuda fixed_resampling: 53036 parameters
profile opportunity++ cuda finetune_encoders: 53036 parameters
profile opportunity++ cuda no_alignment: 53036 parameters
profile opportunity++ cuda no_usage: 53036 parameters
profile opportunity++ cuda tcn: 21796 parameters
profile opportunity++ cuda ts_transformer: 34660 parameters
profile opportunity++ cuda patchtst: 32484 parameters
profile opportunity++ mixed distrixsense: 53036 parameters
profile opportunity++ mixed dense: 48580 parameters
profile opportunity++ mixed dense_tokens: 50956 parameters
profile opportunity++ mixed raw: 48580 parameters
profile opportunity++ mixed early_fusion: 35908 parameters
profile opportunity++ mixed late_fusion: 21466 parameters
profile opportunity++ mixed local_only: 21466 parameters
profile opportunity++ mixed bottleneck: 48872 parameters
profile opportunity++ mixed tokenlearner: 49900 parameters
profile opportunity++ mixed posthoc_vq: 50628 parameters
profile opportunity++ mixed joint_vq: 53004 parameters
profile opportunity++ mixed deepconvlstm: 50714 parameters
profile opportunity++ mixed unrestricted_bank: 53036 parameters
profile opportunity++ mixed separate_banks: 53036 parameters
profile opportunity++ mixed fixed_resampling: 53036 parameters
profile opportunity++ mixed finetune_encoders: 53036 parameters
profile opportunity++ mixed no_alignment: 53036 parameters
profile opportunity++ mixed no_usage: 53036 parameters
profile opportunity++ mixed tcn: 21796 parameters
profile opportunity++ mixed ts_transformer: 34660 parameters
profile opportunity++ mixed patchtst: 32484 parameters
profile opportunity++ cuda distrixsense: 79986 parameters
profile opportunity++ cuda dense: 75530 parameters
profile opportunity++ cuda dense_tokens: 77906 parameters
profile opportunity++ cuda raw: 75530 parameters
profile opportunity++ cuda early_fusion: 53898 parameters
profile opportunity++ cuda late_fusion: 48416 parameters
profile opportunity++ cuda local_only: 48416 parameters
profile opportunity++ cuda bottleneck: 75822 parameters
profile opportunity++ cuda tokenlearner: 76850 parameters
profile opportunity++ cuda posthoc_vq: 77578 parameters
profile opportunity++ cuda joint_vq: 79954 parameters
profile opportunity++ cuda deepconvlstm: 77664 parameters
profile opportunity++ cuda unrestricted_bank: 79986 parameters
profile opportunity++ cuda separate_banks: 79986 parameters
profile opportunity++ cuda fixed_resampling: 79986 parameters
profile opportunity++ cuda finetune_encoders: 79986 parameters
profile opportunity++ cuda no_alignment: 79986 parameters
profile opportunity++ cuda no_usage: 79986 parameters
profile opportunity++ cuda tcn: 39786 parameters
profile opportunity++ cuda ts_transformer: 52650 parameters
profile opportunity++ cuda patchtst: 48234 parameters
profile opportunity++ mixed distrixsense: 79986 parameters
profile opportunity++ mixed dense: 75530 parameters
profile opportunity++ mixed dense_tokens: 77906 parameters
profile opportunity++ mixed raw: 75530 parameters
profile opportunity++ mixed early_fusion: 53898 parameters
profile opportunity++ mixed late_fusion: 48416 parameters
profile opportunity++ mixed local_only: 48416 parameters
profile opportunity++ mixed bottleneck: 75822 parameters
profile opportunity++ mixed tokenlearner: 76850 parameters
profile opportunity++ mixed posthoc_vq: 77578 parameters
profile opportunity++ mixed joint_vq: 79954 parameters
profile opportunity++ mixed deepconvlstm: 77664 parameters
profile opportunity++ mixed unrestricted_bank: 79986 parameters
profile opportunity++ mixed separate_banks: 79986 parameters
profile opportunity++ mixed fixed_resampling: 79986 parameters
profile opportunity++ mixed finetune_encoders: 79986 parameters
profile opportunity++ mixed no_alignment: 79986 parameters
profile opportunity++ mixed no_usage: 79986 parameters
profile opportunity++ mixed tcn: 39786 parameters
profile opportunity++ mixed ts_transformer: 52650 parameters
profile opportunity++ mixed patchtst: 48234 parameters
profile opportunity++ cuda distrixsense: 48536 parameters
profile opportunity++ cuda dense: 44080 parameters
profile opportunity++ cuda dense_tokens: 46456 parameters
profile opportunity++ cuda raw: 44080 parameters
profile opportunity++ cuda early_fusion: 33328 parameters
profile opportunity++ cuda late_fusion: 16966 parameters
profile opportunity++ cuda local_only: 16966 parameters
profile opportunity++ cuda bottleneck: 44372 parameters
profile opportunity++ cuda tokenlearner: 45400 parameters
profile opportunity++ cuda posthoc_vq: 46128 parameters
profile opportunity++ cuda joint_vq: 48504 parameters
profile opportunity++ cuda deepconvlstm: 46214 parameters
profile opportunity++ cuda unrestricted_bank: 48536 parameters
profile opportunity++ cuda separate_banks: 48536 parameters
profile opportunity++ cuda fixed_resampling: 48536 parameters
profile opportunity++ cuda finetune_encoders: 48536 parameters
profile opportunity++ cuda no_alignment: 48536 parameters
profile opportunity++ cuda no_usage: 48536 parameters
profile opportunity++ cuda tcn: 19216 parameters
profile opportunity++ cuda ts_transformer: 32080 parameters
profile opportunity++ cuda patchtst: 30384 parameters
profile opportunity++ mixed distrixsense: 48536 parameters
profile opportunity++ mixed dense: 44080 parameters
profile opportunity++ mixed dense_tokens: 46456 parameters
profile opportunity++ mixed raw: 44080 parameters
profile opportunity++ mixed early_fusion: 33328 parameters
profile opportunity++ mixed late_fusion: 16966 parameters
profile opportunity++ mixed local_only: 16966 parameters
profile opportunity++ mixed bottleneck: 44372 parameters
profile opportunity++ mixed tokenlearner: 45400 parameters
profile opportunity++ mixed posthoc_vq: 46128 parameters
profile opportunity++ mixed joint_vq: 48504 parameters
profile opportunity++ mixed deepconvlstm: 46214 parameters
profile opportunity++ mixed unrestricted_bank: 48536 parameters
profile opportunity++ mixed separate_banks: 48536 parameters
profile opportunity++ mixed fixed_resampling: 48536 parameters
profile opportunity++ mixed finetune_encoders: 48536 parameters
profile opportunity++ mixed no_alignment: 48536 parameters
profile opportunity++ mixed no_usage: 48536 parameters
profile opportunity++ mixed tcn: 19216 parameters
profile opportunity++ mixed ts_transformer: 32080 parameters
profile opportunity++ mixed patchtst: 30384 parameters
profile opportunity++ cuda distrixsense: 103580 parameters
profile opportunity++ cuda dense: 99124 parameters
profile opportunity++ cuda dense_tokens: 101500 parameters
profile opportunity++ cuda raw: 99124 parameters
profile opportunity++ cuda early_fusion: 71476 parameters
profile opportunity++ cuda late_fusion: 72010 parameters
profile opportunity++ cuda local_only: 72010 parameters
profile opportunity++ cuda bottleneck: 99416 parameters
profile opportunity++ cuda tokenlearner: 100444 parameters
profile opportunity++ cuda posthoc_vq: 101172 parameters
profile opportunity++ cuda joint_vq: 103548 parameters
profile opportunity++ cuda deepconvlstm: 101258 parameters
profile opportunity++ cuda unrestricted_bank: 103580 parameters
profile opportunity++ cuda separate_banks: 103580 parameters
profile opportunity++ cuda fixed_resampling: 103580 parameters
profile opportunity++ cuda finetune_encoders: 103580 parameters
profile opportunity++ cuda no_alignment: 103580 parameters
profile opportunity++ cuda no_usage: 103580 parameters
profile opportunity++ cuda tcn: 57364 parameters
profile opportunity++ cuda ts_transformer: 70228 parameters
profile opportunity++ cuda patchtst: 64308 parameters
profile opportunity++ mixed distrixsense: 103580 parameters
profile opportunity++ mixed dense: 99124 parameters
profile opportunity++ mixed dense_tokens: 101500 parameters
profile opportunity++ mixed raw: 99124 parameters
profile opportunity++ mixed early_fusion: 71476 parameters
profile opportunity++ mixed late_fusion: 72010 parameters
profile opportunity++ mixed local_only: 72010 parameters
profile opportunity++ mixed bottleneck: 99416 parameters
profile opportunity++ mixed tokenlearner: 100444 parameters
profile opportunity++ mixed posthoc_vq: 101172 parameters
profile opportunity++ mixed joint_vq: 103548 parameters
profile opportunity++ mixed deepconvlstm: 101258 parameters
profile opportunity++ mixed unrestricted_bank: 103580 parameters
profile opportunity++ mixed separate_banks: 103580 parameters
profile opportunity++ mixed fixed_resampling: 103580 parameters
profile opportunity++ mixed finetune_encoders: 103580 parameters
profile opportunity++ mixed no_alignment: 103580 parameters
profile opportunity++ mixed no_usage: 103580 parameters
profile opportunity++ mixed tcn: 57364 parameters
profile opportunity++ mixed ts_transformer: 70228 parameters
profile opportunity++ mixed patchtst: 64308 parameters
profile openmarcie_bicycle cuda distrixsense: 774166 parameters
profile openmarcie_bicycle cuda dense: 716238 parameters
profile openmarcie_bicycle cuda dense_tokens: 747126 parameters
profile openmarcie_bicycle cuda raw: 716238 parameters
profile openmarcie_bicycle cuda early_fusion: 487758 parameters
profile openmarcie_bicycle cuda late_fusion: 693042 parameters
profile openmarcie_bicycle cuda local_only: 693042 parameters
profile openmarcie_bicycle cuda bottleneck: 720034 parameters
profile openmarcie_bicycle cuda tokenlearner: 733398 parameters
profile openmarcie_bicycle cuda posthoc_vq: 862670 parameters
profile openmarcie_bicycle cuda joint_vq: 893558 parameters
profile openmarcie_bicycle cuda deepconvlstm: 679906 parameters
profile openmarcie_bicycle cuda unrestricted_bank: 938902 parameters
profile openmarcie_bicycle cuda separate_banks: 774166 parameters
profile openmarcie_bicycle cuda fixed_resampling: 774166 parameters
profile openmarcie_bicycle cuda finetune_encoders: 774166 parameters
profile openmarcie_bicycle cuda no_alignment: 774166 parameters
profile openmarcie_bicycle cuda no_usage: 774166 parameters
profile openmarcie_bicycle cuda tcn: 473262 parameters
profile openmarcie_bicycle cuda ts_transformer: 486126 parameters
profile openmarcie_bicycle cuda patchtst: 438926 parameters
profile openmarcie_bicycle mixed distrixsense: 774166 parameters
profile openmarcie_bicycle mixed dense: 716238 parameters
profile openmarcie_bicycle mixed dense_tokens: 747126 parameters
profile openmarcie_bicycle mixed raw: 716238 parameters
profile openmarcie_bicycle mixed early_fusion: 487758 parameters
profile openmarcie_bicycle mixed late_fusion: 693042 parameters
profile openmarcie_bicycle mixed local_only: 693042 parameters
profile openmarcie_bicycle mixed bottleneck: 720034 parameters
profile openmarcie_bicycle mixed tokenlearner: 733398 parameters
profile openmarcie_bicycle mixed posthoc_vq: 862670 parameters
profile openmarcie_bicycle mixed joint_vq: 893558 parameters
profile openmarcie_bicycle mixed deepconvlstm: 679906 parameters
profile openmarcie_bicycle mixed unrestricted_bank: 938902 parameters
profile openmarcie_bicycle mixed separate_banks: 774166 parameters
profile openmarcie_bicycle mixed fixed_resampling: 774166 parameters
profile openmarcie_bicycle mixed finetune_encoders: 774166 parameters
profile openmarcie_bicycle mixed no_alignment: 774166 parameters
profile openmarcie_bicycle mixed no_usage: 774166 parameters
profile openmarcie_bicycle mixed tcn: 473262 parameters
profile openmarcie_bicycle mixed ts_transformer: 486126 parameters
profile openmarcie_bicycle mixed patchtst: 438926 parameters
profile openmarcie_bicycle cuda distrixsense: 384174 parameters
profile openmarcie_bicycle cuda dense: 379718 parameters
profile openmarcie_bicycle cuda dense_tokens: 382094 parameters
profile openmarcie_bicycle cuda raw: 379718 parameters
profile openmarcie_bicycle cuda early_fusion: 310854 parameters
profile openmarcie_bicycle cuda late_fusion: 352538 parameters
profile openmarcie_bicycle cuda local_only: 352538 parameters
profile openmarcie_bicycle cuda bottleneck: 380010 parameters
profile openmarcie_bicycle cuda tokenlearner: 381038 parameters
profile openmarcie_bicycle cuda posthoc_vq: 381766 parameters
profile openmarcie_bicycle cuda joint_vq: 384142 parameters
profile openmarcie_bicycle cuda deepconvlstm: 381786 parameters
profile openmarcie_bicycle cuda unrestricted_bank: 384174 parameters
profile openmarcie_bicycle cuda separate_banks: 384174 parameters
profile openmarcie_bicycle cuda fixed_resampling: 384174 parameters
profile openmarcie_bicycle cuda finetune_encoders: 384174 parameters
profile openmarcie_bicycle cuda no_alignment: 384174 parameters
profile openmarcie_bicycle cuda no_usage: 384174 parameters
profile openmarcie_bicycle cuda tcn: 296742 parameters
profile openmarcie_bicycle cuda ts_transformer: 309606 parameters
profile openmarcie_bicycle cuda patchtst: 293382 parameters
profile openmarcie_bicycle mixed distrixsense: 384174 parameters
profile openmarcie_bicycle mixed dense: 379718 parameters
profile openmarcie_bicycle mixed dense_tokens: 382094 parameters
profile openmarcie_bicycle mixed raw: 379718 parameters
profile openmarcie_bicycle mixed early_fusion: 310854 parameters
profile openmarcie_bicycle mixed late_fusion: 352538 parameters
profile openmarcie_bicycle mixed local_only: 352538 parameters
profile openmarcie_bicycle mixed bottleneck: 380010 parameters
profile openmarcie_bicycle mixed tokenlearner: 381038 parameters
profile openmarcie_bicycle mixed posthoc_vq: 381766 parameters
profile openmarcie_bicycle mixed joint_vq: 384142 parameters
profile openmarcie_bicycle mixed deepconvlstm: 381786 parameters
profile openmarcie_bicycle mixed unrestricted_bank: 384174 parameters
profile openmarcie_bicycle mixed separate_banks: 384174 parameters
profile openmarcie_bicycle mixed fixed_resampling: 384174 parameters
profile openmarcie_bicycle mixed finetune_encoders: 384174 parameters
profile openmarcie_bicycle mixed no_alignment: 384174 parameters
profile openmarcie_bicycle mixed no_usage: 384174 parameters
profile openmarcie_bicycle mixed tcn: 296742 parameters
profile openmarcie_bicycle mixed ts_transformer: 309606 parameters
profile openmarcie_bicycle mixed patchtst: 293382 parameters
profile openmarcie_bicycle cuda distrixsense: 35672 parameters
profile openmarcie_bicycle cuda dense: 31216 parameters
profile openmarcie_bicycle cuda dense_tokens: 33592 parameters
profile openmarcie_bicycle cuda raw: 31216 parameters
profile openmarcie_bicycle cuda early_fusion: 27760 parameters
profile openmarcie_bicycle cuda late_fusion: 4036 parameters
profile openmarcie_bicycle cuda local_only: 4036 parameters
profile openmarcie_bicycle cuda bottleneck: 31508 parameters
profile openmarcie_bicycle cuda tokenlearner: 32536 parameters
profile openmarcie_bicycle cuda posthoc_vq: 33264 parameters
profile openmarcie_bicycle cuda joint_vq: 35640 parameters
profile openmarcie_bicycle cuda deepconvlstm: 33284 parameters
profile openmarcie_bicycle cuda unrestricted_bank: 35672 parameters
profile openmarcie_bicycle cuda separate_banks: 35672 parameters
profile openmarcie_bicycle cuda fixed_resampling: 35672 parameters
profile openmarcie_bicycle cuda finetune_encoders: 35672 parameters
profile openmarcie_bicycle cuda no_alignment: 35672 parameters
profile openmarcie_bicycle cuda no_usage: 35672 parameters
profile openmarcie_bicycle cuda tcn: 13648 parameters
profile openmarcie_bicycle cuda ts_transformer: 26512 parameters
profile openmarcie_bicycle cuda patchtst: 26640 parameters
profile openmarcie_bicycle mixed distrixsense: 35672 parameters
profile openmarcie_bicycle mixed dense: 31216 parameters
profile openmarcie_bicycle mixed dense_tokens: 33592 parameters
profile openmarcie_bicycle mixed raw: 31216 parameters
profile openmarcie_bicycle mixed early_fusion: 27760 parameters
profile openmarcie_bicycle mixed late_fusion: 4036 parameters
profile openmarcie_bicycle mixed local_only: 4036 parameters
profile openmarcie_bicycle mixed bottleneck: 31508 parameters
profile openmarcie_bicycle mixed tokenlearner: 32536 parameters
profile openmarcie_bicycle mixed posthoc_vq: 33264 parameters
profile openmarcie_bicycle mixed joint_vq: 35640 parameters
profile openmarcie_bicycle mixed deepconvlstm: 33284 parameters
profile openmarcie_bicycle mixed unrestricted_bank: 35672 parameters
profile openmarcie_bicycle mixed separate_banks: 35672 parameters
profile openmarcie_bicycle mixed fixed_resampling: 35672 parameters
profile openmarcie_bicycle mixed finetune_encoders: 35672 parameters
profile openmarcie_bicycle mixed no_alignment: 35672 parameters
profile openmarcie_bicycle mixed no_usage: 35672 parameters
profile openmarcie_bicycle mixed tcn: 13648 parameters
profile openmarcie_bicycle mixed ts_transformer: 26512 parameters
profile openmarcie_bicycle mixed patchtst: 26640 parameters
profile openmarcie_bicycle cuda distrixsense: 94448 parameters
profile openmarcie_bicycle cuda dense: 81080 parameters
profile openmarcie_bicycle cuda dense_tokens: 88208 parameters
profile openmarcie_bicycle cuda raw: 81080 parameters
profile openmarcie_bicycle cuda early_fusion: 47224 parameters
profile openmarcie_bicycle cuda late_fusion: 54564 parameters
profile openmarcie_bicycle cuda local_only: 54564 parameters
profile openmarcie_bicycle cuda bottleneck: 81956 parameters
profile openmarcie_bicycle cuda tokenlearner: 85040 parameters
profile openmarcie_bicycle cuda posthoc_vq: 93368 parameters
profile openmarcie_bicycle cuda joint_vq: 100496 parameters
profile openmarcie_bicycle cuda deepconvlstm: 76748 parameters
profile openmarcie_bicycle cuda unrestricted_bank: 100784 parameters
profile openmarcie_bicycle cuda separate_banks: 94448 parameters
profile openmarcie_bicycle cuda fixed_resampling: 94448 parameters
profile openmarcie_bicycle cuda finetune_encoders: 94448 parameters
profile openmarcie_bicycle cuda no_alignment: 94448 parameters
profile openmarcie_bicycle cuda no_usage: 94448 parameters
profile openmarcie_bicycle cuda tcn: 33048 parameters
profile openmarcie_bicycle cuda ts_transformer: 45912 parameters
profile openmarcie_bicycle cuda patchtst: 39928 parameters
profile openmarcie_bicycle mixed distrixsense: 94448 parameters
profile openmarcie_bicycle mixed dense: 81080 parameters
profile openmarcie_bicycle mixed dense_tokens: 88208 parameters
profile openmarcie_bicycle mixed raw: 81080 parameters
profile openmarcie_bicycle mixed early_fusion: 47224 parameters
profile openmarcie_bicycle mixed late_fusion: 54564 parameters
profile openmarcie_bicycle mixed local_only: 54564 parameters
profile openmarcie_bicycle mixed bottleneck: 81956 parameters
profile openmarcie_bicycle mixed tokenlearner: 85040 parameters
profile openmarcie_bicycle mixed posthoc_vq: 93368 parameters
profile openmarcie_bicycle mixed joint_vq: 100496 parameters
profile openmarcie_bicycle mixed deepconvlstm: 76748 parameters
profile openmarcie_bicycle mixed unrestricted_bank: 100784 parameters
profile openmarcie_bicycle mixed separate_banks: 94448 parameters
profile openmarcie_bicycle mixed fixed_resampling: 94448 parameters
profile openmarcie_bicycle mixed finetune_encoders: 94448 parameters
profile openmarcie_bicycle mixed no_alignment: 94448 parameters
profile openmarcie_bicycle mixed no_usage: 94448 parameters
profile openmarcie_bicycle mixed tcn: 33048 parameters
profile openmarcie_bicycle mixed ts_transformer: 45912 parameters
profile openmarcie_bicycle mixed patchtst: 39928 parameters
profile openmarcie_bicycle cuda distrixsense: 39074 parameters
profile openmarcie_bicycle cuda dense: 34618 parameters
profile openmarcie_bicycle cuda dense_tokens: 36994 parameters
profile openmarcie_bicycle cuda raw: 34618 parameters
profile openmarcie_bicycle cuda early_fusion: 28858 parameters
profile openmarcie_bicycle cuda late_fusion: 7438 parameters
profile openmarcie_bicycle cuda local_only: 7438 parameters
profile openmarcie_bicycle cuda bottleneck: 34910 parameters
profile openmarcie_bicycle cuda tokenlearner: 35938 parameters
profile openmarcie_bicycle cuda posthoc_vq: 36666 parameters
profile openmarcie_bicycle cuda joint_vq: 39042 parameters
profile openmarcie_bicycle cuda deepconvlstm: 36686 parameters
profile openmarcie_bicycle cuda unrestricted_bank: 39074 parameters
profile openmarcie_bicycle cuda separate_banks: 39074 parameters
profile openmarcie_bicycle cuda fixed_resampling: 39074 parameters
profile openmarcie_bicycle cuda finetune_encoders: 39074 parameters
profile openmarcie_bicycle cuda no_alignment: 39074 parameters
profile openmarcie_bicycle cuda no_usage: 39074 parameters
profile openmarcie_bicycle cuda tcn: 14746 parameters
profile openmarcie_bicycle cuda ts_transformer: 27610 parameters
profile openmarcie_bicycle cuda patchtst: 27162 parameters
profile openmarcie_bicycle mixed distrixsense: 39074 parameters
profile openmarcie_bicycle mixed dense: 34618 parameters
profile openmarcie_bicycle mixed dense_tokens: 36994 parameters
profile openmarcie_bicycle mixed raw: 34618 parameters
profile openmarcie_bicycle mixed early_fusion: 28858 parameters
profile openmarcie_bicycle mixed late_fusion: 7438 parameters
profile openmarcie_bicycle mixed local_only: 7438 parameters
profile openmarcie_bicycle mixed bottleneck: 34910 parameters
profile openmarcie_bicycle mixed tokenlearner: 35938 parameters
profile openmarcie_bicycle mixed posthoc_vq: 36666 parameters
profile openmarcie_bicycle mixed joint_vq: 39042 parameters
profile openmarcie_bicycle mixed deepconvlstm: 36686 parameters
profile openmarcie_bicycle mixed unrestricted_bank: 39074 parameters
profile openmarcie_bicycle mixed separate_banks: 39074 parameters
profile openmarcie_bicycle mixed fixed_resampling: 39074 parameters
profile openmarcie_bicycle mixed finetune_encoders: 39074 parameters
profile openmarcie_bicycle mixed no_alignment: 39074 parameters
profile openmarcie_bicycle mixed no_usage: 39074 parameters
profile openmarcie_bicycle mixed tcn: 14746 parameters
profile openmarcie_bicycle mixed ts_transformer: 27610 parameters
profile openmarcie_bicycle mixed patchtst: 27162 parameters
profile openmarcie_bicycle cuda distrixsense: 36734 parameters
profile openmarcie_bicycle cuda dense: 32278 parameters
profile openmarcie_bicycle cuda dense_tokens: 34654 parameters
profile openmarcie_bicycle cuda raw: 32278 parameters
profile openmarcie_bicycle cuda early_fusion: 28054 parameters
profile openmarcie_bicycle cuda late_fusion: 5098 parameters
profile openmarcie_bicycle cuda local_only: 5098 parameters
profile openmarcie_bicycle cuda bottleneck: 32570 parameters
profile openmarcie_bicycle cuda tokenlearner: 33598 parameters
profile openmarcie_bicycle cuda posthoc_vq: 34326 parameters
profile openmarcie_bicycle cuda joint_vq: 36702 parameters
profile openmarcie_bicycle cuda deepconvlstm: 34346 parameters
profile openmarcie_bicycle cuda unrestricted_bank: 36734 parameters
profile openmarcie_bicycle cuda separate_banks: 36734 parameters
profile openmarcie_bicycle cuda fixed_resampling: 36734 parameters
profile openmarcie_bicycle cuda finetune_encoders: 36734 parameters
profile openmarcie_bicycle cuda no_alignment: 36734 parameters
profile openmarcie_bicycle cuda no_usage: 36734 parameters
profile openmarcie_bicycle cuda tcn: 13942 parameters
profile openmarcie_bicycle cuda ts_transformer: 26806 parameters
profile openmarcie_bicycle cuda patchtst: 26742 parameters
profile openmarcie_bicycle mixed distrixsense: 36734 parameters
profile openmarcie_bicycle mixed dense: 32278 parameters
profile openmarcie_bicycle mixed dense_tokens: 34654 parameters
profile openmarcie_bicycle mixed raw: 32278 parameters
profile openmarcie_bicycle mixed early_fusion: 28054 parameters
profile openmarcie_bicycle mixed late_fusion: 5098 parameters
profile openmarcie_bicycle mixed local_only: 5098 parameters
profile openmarcie_bicycle mixed bottleneck: 32570 parameters
profile openmarcie_bicycle mixed tokenlearner: 33598 parameters
profile openmarcie_bicycle mixed posthoc_vq: 34326 parameters
profile openmarcie_bicycle mixed joint_vq: 36702 parameters
profile openmarcie_bicycle mixed deepconvlstm: 34346 parameters
profile openmarcie_bicycle mixed unrestricted_bank: 36734 parameters
profile openmarcie_bicycle mixed separate_banks: 36734 parameters
profile openmarcie_bicycle mixed fixed_resampling: 36734 parameters
profile openmarcie_bicycle mixed finetune_encoders: 36734 parameters
profile openmarcie_bicycle mixed no_alignment: 36734 parameters
profile openmarcie_bicycle mixed no_usage: 36734 parameters
profile openmarcie_bicycle mixed tcn: 13942 parameters
profile openmarcie_bicycle mixed ts_transformer: 26806 parameters
profile openmarcie_bicycle mixed patchtst: 26742 parameters
profile openmarcie_bicycle cuda distrixsense: 256112 parameters
profile openmarcie_bicycle cuda dense: 242744 parameters
profile openmarcie_bicycle cuda dense_tokens: 249872 parameters
profile openmarcie_bicycle cuda raw: 242744 parameters
profile openmarcie_bicycle cuda early_fusion: 159736 parameters
profile openmarcie_bicycle cuda late_fusion: 216228 parameters
profile openmarcie_bicycle cuda local_only: 216228 parameters
profile openmarcie_bicycle cuda bottleneck: 243620 parameters
profile openmarcie_bicycle cuda tokenlearner: 246704 parameters
profile openmarcie_bicycle cuda posthoc_vq: 255032 parameters
profile openmarcie_bicycle cuda joint_vq: 262160 parameters
profile openmarcie_bicycle cuda deepconvlstm: 238412 parameters
profile openmarcie_bicycle cuda unrestricted_bank: 262448 parameters
profile openmarcie_bicycle cuda separate_banks: 256112 parameters
profile openmarcie_bicycle cuda fixed_resampling: 256112 parameters
profile openmarcie_bicycle cuda finetune_encoders: 256112 parameters
profile openmarcie_bicycle cuda no_alignment: 256112 parameters
profile openmarcie_bicycle cuda no_usage: 256112 parameters
profile openmarcie_bicycle cuda tcn: 145560 parameters
profile openmarcie_bicycle cuda ts_transformer: 158424 parameters
profile openmarcie_bicycle cuda patchtst: 140152 parameters
profile openmarcie_bicycle mixed distrixsense: 256112 parameters
profile openmarcie_bicycle mixed dense: 242744 parameters
profile openmarcie_bicycle mixed dense_tokens: 249872 parameters
profile openmarcie_bicycle mixed raw: 242744 parameters
profile openmarcie_bicycle mixed early_fusion: 159736 parameters
profile openmarcie_bicycle mixed late_fusion: 216228 parameters
profile openmarcie_bicycle mixed local_only: 216228 parameters
profile openmarcie_bicycle mixed bottleneck: 243620 parameters
profile openmarcie_bicycle mixed tokenlearner: 246704 parameters
profile openmarcie_bicycle mixed posthoc_vq: 255032 parameters
profile openmarcie_bicycle mixed joint_vq: 262160 parameters
profile openmarcie_bicycle mixed deepconvlstm: 238412 parameters
profile openmarcie_bicycle mixed unrestricted_bank: 262448 parameters
profile openmarcie_bicycle mixed separate_banks: 256112 parameters
profile openmarcie_bicycle mixed fixed_resampling: 256112 parameters
profile openmarcie_bicycle mixed finetune_encoders: 256112 parameters
profile openmarcie_bicycle mixed no_alignment: 256112 parameters
profile openmarcie_bicycle mixed no_usage: 256112 parameters
profile openmarcie_bicycle mixed tcn: 145560 parameters
profile openmarcie_bicycle mixed ts_transformer: 158424 parameters
profile openmarcie_bicycle mixed patchtst: 140152 parameters
profile openmarcie_bicycle cuda distrixsense: 39704 parameters
profile openmarcie_bicycle cuda dense: 35248 parameters
profile openmarcie_bicycle cuda dense_tokens: 37624 parameters
profile openmarcie_bicycle cuda raw: 35248 parameters
profile openmarcie_bicycle cuda early_fusion: 29104 parameters
profile openmarcie_bicycle cuda late_fusion: 8068 parameters
profile openmarcie_bicycle cuda local_only: 8068 parameters
profile openmarcie_bicycle cuda bottleneck: 35540 parameters
profile openmarcie_bicycle cuda tokenlearner: 36568 parameters
profile openmarcie_bicycle cuda posthoc_vq: 37296 parameters
profile openmarcie_bicycle cuda joint_vq: 39672 parameters
profile openmarcie_bicycle cuda deepconvlstm: 37316 parameters
profile openmarcie_bicycle cuda unrestricted_bank: 39704 parameters
profile openmarcie_bicycle cuda separate_banks: 39704 parameters
profile openmarcie_bicycle cuda fixed_resampling: 39704 parameters
profile openmarcie_bicycle cuda finetune_encoders: 39704 parameters
profile openmarcie_bicycle cuda no_alignment: 39704 parameters
profile openmarcie_bicycle cuda no_usage: 39704 parameters
profile openmarcie_bicycle cuda tcn: 14992 parameters
profile openmarcie_bicycle cuda ts_transformer: 27856 parameters
profile openmarcie_bicycle cuda patchtst: 27312 parameters
profile openmarcie_bicycle mixed distrixsense: 39704 parameters
profile openmarcie_bicycle mixed dense: 35248 parameters
profile openmarcie_bicycle mixed dense_tokens: 37624 parameters
profile openmarcie_bicycle mixed raw: 35248 parameters
profile openmarcie_bicycle mixed early_fusion: 29104 parameters
profile openmarcie_bicycle mixed late_fusion: 8068 parameters
profile openmarcie_bicycle mixed local_only: 8068 parameters
profile openmarcie_bicycle mixed bottleneck: 35540 parameters
profile openmarcie_bicycle mixed tokenlearner: 36568 parameters
profile openmarcie_bicycle mixed posthoc_vq: 37296 parameters
profile openmarcie_bicycle mixed joint_vq: 39672 parameters
profile openmarcie_bicycle mixed deepconvlstm: 37316 parameters
profile openmarcie_bicycle mixed unrestricted_bank: 39704 parameters
profile openmarcie_bicycle mixed separate_banks: 39704 parameters
profile openmarcie_bicycle mixed fixed_resampling: 39704 parameters
profile openmarcie_bicycle mixed finetune_encoders: 39704 parameters
profile openmarcie_bicycle mixed no_alignment: 39704 parameters
profile openmarcie_bicycle mixed no_usage: 39704 parameters
profile openmarcie_bicycle mixed tcn: 14992 parameters
profile openmarcie_bicycle mixed ts_transformer: 27856 parameters
profile openmarcie_bicycle mixed patchtst: 27312 parameters
profile openmarcie_bicycle cuda distrixsense: 35672 parameters
profile openmarcie_bicycle cuda dense: 31216 parameters
profile openmarcie_bicycle cuda dense_tokens: 33592 parameters
profile openmarcie_bicycle cuda raw: 31216 parameters
profile openmarcie_bicycle cuda early_fusion: 27760 parameters
profile openmarcie_bicycle cuda late_fusion: 4036 parameters
profile openmarcie_bicycle cuda local_only: 4036 parameters
profile openmarcie_bicycle cuda bottleneck: 31508 parameters
profile openmarcie_bicycle cuda tokenlearner: 32536 parameters
profile openmarcie_bicycle cuda posthoc_vq: 33264 parameters
profile openmarcie_bicycle cuda joint_vq: 35640 parameters
profile openmarcie_bicycle cuda deepconvlstm: 33284 parameters
profile openmarcie_bicycle cuda unrestricted_bank: 35672 parameters
profile openmarcie_bicycle cuda separate_banks: 35672 parameters
profile openmarcie_bicycle cuda fixed_resampling: 35672 parameters
profile openmarcie_bicycle cuda finetune_encoders: 35672 parameters
profile openmarcie_bicycle cuda no_alignment: 35672 parameters
profile openmarcie_bicycle cuda no_usage: 35672 parameters
profile openmarcie_bicycle cuda tcn: 13648 parameters
profile openmarcie_bicycle cuda ts_transformer: 26512 parameters
profile openmarcie_bicycle cuda patchtst: 26640 parameters
profile openmarcie_bicycle mixed distrixsense: 35672 parameters
profile openmarcie_bicycle mixed dense: 31216 parameters
profile openmarcie_bicycle mixed dense_tokens: 33592 parameters
profile openmarcie_bicycle mixed raw: 31216 parameters
profile openmarcie_bicycle mixed early_fusion: 27760 parameters
profile openmarcie_bicycle mixed late_fusion: 4036 parameters
profile openmarcie_bicycle mixed local_only: 4036 parameters
profile openmarcie_bicycle mixed bottleneck: 31508 parameters
profile openmarcie_bicycle mixed tokenlearner: 32536 parameters
profile openmarcie_bicycle mixed posthoc_vq: 33264 parameters
profile openmarcie_bicycle mixed joint_vq: 35640 parameters
profile openmarcie_bicycle mixed deepconvlstm: 33284 parameters
profile openmarcie_bicycle mixed unrestricted_bank: 35672 parameters
profile openmarcie_bicycle mixed separate_banks: 35672 parameters
profile openmarcie_bicycle mixed fixed_resampling: 35672 parameters
profile openmarcie_bicycle mixed finetune_encoders: 35672 parameters
profile openmarcie_bicycle mixed no_alignment: 35672 parameters
profile openmarcie_bicycle mixed no_usage: 35672 parameters
profile openmarcie_bicycle mixed tcn: 13648 parameters
profile openmarcie_bicycle mixed ts_transformer: 26512 parameters
profile openmarcie_bicycle mixed patchtst: 26640 parameters
profile openmarcie_bicycle cuda distrixsense: 72672 parameters
profile openmarcie_bicycle cuda dense: 68216 parameters
profile openmarcie_bicycle cuda dense_tokens: 70592 parameters
profile openmarcie_bicycle cuda raw: 68216 parameters
profile openmarcie_bicycle cuda early_fusion: 48760 parameters
profile openmarcie_bicycle cuda late_fusion: 41036 parameters
profile openmarcie_bicycle cuda local_only: 41036 parameters
profile openmarcie_bicycle cuda bottleneck: 68508 parameters
profile openmarcie_bicycle cuda tokenlearner: 69536 parameters
profile openmarcie_bicycle cuda posthoc_vq: 70264 parameters
profile openmarcie_bicycle cuda joint_vq: 72640 parameters
profile openmarcie_bicycle cuda deepconvlstm: 70284 parameters
profile openmarcie_bicycle cuda unrestricted_bank: 72672 parameters
profile openmarcie_bicycle cuda separate_banks: 72672 parameters
profile openmarcie_bicycle cuda fixed_resampling: 72672 parameters
profile openmarcie_bicycle cuda finetune_encoders: 72672 parameters
profile openmarcie_bicycle cuda no_alignment: 72672 parameters
profile openmarcie_bicycle cuda no_usage: 72672 parameters
profile openmarcie_bicycle cuda tcn: 34648 parameters
profile openmarcie_bicycle cuda ts_transformer: 47512 parameters
profile openmarcie_bicycle cuda patchtst: 43640 parameters
profile openmarcie_bicycle mixed distrixsense: 72672 parameters
profile openmarcie_bicycle mixed dense: 68216 parameters
profile openmarcie_bicycle mixed dense_tokens: 70592 parameters
profile openmarcie_bicycle mixed raw: 68216 parameters
profile openmarcie_bicycle mixed early_fusion: 48760 parameters
profile openmarcie_bicycle mixed late_fusion: 41036 parameters
profile openmarcie_bicycle mixed local_only: 41036 parameters
profile openmarcie_bicycle mixed bottleneck: 68508 parameters
profile openmarcie_bicycle mixed tokenlearner: 69536 parameters
profile openmarcie_bicycle mixed posthoc_vq: 70264 parameters
profile openmarcie_bicycle mixed joint_vq: 72640 parameters
profile openmarcie_bicycle mixed deepconvlstm: 70284 parameters
profile openmarcie_bicycle mixed unrestricted_bank: 72672 parameters
profile openmarcie_bicycle mixed separate_banks: 72672 parameters
profile openmarcie_bicycle mixed fixed_resampling: 72672 parameters
profile openmarcie_bicycle mixed finetune_encoders: 72672 parameters
profile openmarcie_bicycle mixed no_alignment: 72672 parameters
profile openmarcie_bicycle mixed no_usage: 72672 parameters
profile openmarcie_bicycle mixed tcn: 34648 parameters
profile openmarcie_bicycle mixed ts_transformer: 47512 parameters
profile openmarcie_bicycle mixed patchtst: 43640 parameters
profile openmarcie_printer cuda distrixsense: 1379624 parameters
profile openmarcie_printer cuda dense: 1294960 parameters
profile openmarcie_printer cuda dense_tokens: 1340104 parameters
profile openmarcie_printer cuda raw: 1294960 parameters
profile openmarcie_printer cuda early_fusion: 901168 parameters
profile openmarcie_printer cuda late_fusion: 1273756 parameters
profile openmarcie_printer cuda local_only: 1273756 parameters
profile openmarcie_printer cuda bottleneck: 1300508 parameters
profile openmarcie_printer cuda tokenlearner: 1320040 parameters
profile openmarcie_printer cuda posthoc_vq: 1567344 parameters
profile openmarcie_printer cuda joint_vq: 1612488 parameters
profile openmarcie_printer cuda deepconvlstm: 1239428 parameters
profile openmarcie_printer cuda unrestricted_bank: 1740776 parameters
profile openmarcie_printer cuda separate_banks: 1379624 parameters
profile openmarcie_printer cuda fixed_resampling: 1379624 parameters
profile openmarcie_printer cuda finetune_encoders: 1379624 parameters
profile openmarcie_printer cuda no_alignment: 1379624 parameters
profile openmarcie_printer cuda no_usage: 1379624 parameters
profile openmarcie_printer cuda tcn: 886480 parameters
profile openmarcie_printer cuda ts_transformer: 899344 parameters
profile openmarcie_printer cuda patchtst: 815280 parameters
profile openmarcie_printer mixed distrixsense: 1379624 parameters
profile openmarcie_printer mixed dense: 1294960 parameters
profile openmarcie_printer mixed dense_tokens: 1340104 parameters
profile openmarcie_printer mixed raw: 1294960 parameters
profile openmarcie_printer mixed early_fusion: 901168 parameters
profile openmarcie_printer mixed late_fusion: 1273756 parameters
profile openmarcie_printer mixed local_only: 1273756 parameters
profile openmarcie_printer mixed bottleneck: 1300508 parameters
profile openmarcie_printer mixed tokenlearner: 1320040 parameters
profile openmarcie_printer mixed posthoc_vq: 1567344 parameters
profile openmarcie_printer mixed joint_vq: 1612488 parameters
profile openmarcie_printer mixed deepconvlstm: 1239428 parameters
profile openmarcie_printer mixed unrestricted_bank: 1740776 parameters
profile openmarcie_printer mixed separate_banks: 1379624 parameters
profile openmarcie_printer mixed fixed_resampling: 1379624 parameters
profile openmarcie_printer mixed finetune_encoders: 1379624 parameters
profile openmarcie_printer mixed no_alignment: 1379624 parameters
profile openmarcie_printer mixed no_usage: 1379624 parameters
profile openmarcie_printer mixed tcn: 886480 parameters
profile openmarcie_printer mixed ts_transformer: 899344 parameters
profile openmarcie_printer mixed patchtst: 815280 parameters
profile openmarcie_printer cuda distrixsense: 740836 parameters
profile openmarcie_printer cuda dense: 731924 parameters
profile openmarcie_printer cuda dense_tokens: 736676 parameters
profile openmarcie_printer cuda raw: 731924 parameters
profile openmarcie_printer cuda early_fusion: 594164 parameters
profile openmarcie_printer cuda late_fusion: 705076 parameters
profile openmarcie_printer cuda local_only: 705076 parameters
profile openmarcie_printer cuda bottleneck: 732508 parameters
profile openmarcie_printer cuda tokenlearner: 734564 parameters
profile openmarcie_printer cuda posthoc_vq: 738068 parameters
profile openmarcie_printer cuda joint_vq: 742820 parameters
profile openmarcie_printer cuda deepconvlstm: 730792 parameters
profile openmarcie_printer cuda unrestricted_bank: 742948 parameters
profile openmarcie_printer cuda separate_banks: 740836 parameters
profile openmarcie_printer cuda fixed_resampling: 740836 parameters
profile openmarcie_printer cuda finetune_encoders: 740836 parameters
profile openmarcie_printer cuda no_alignment: 740836 parameters
profile openmarcie_printer cuda no_usage: 740836 parameters
profile openmarcie_printer cuda tcn: 580020 parameters
profile openmarcie_printer cuda ts_transformer: 592884 parameters
profile openmarcie_printer cuda patchtst: 560180 parameters
profile openmarcie_printer mixed distrixsense: 740836 parameters
profile openmarcie_printer mixed dense: 731924 parameters
profile openmarcie_printer mixed dense_tokens: 736676 parameters
profile openmarcie_printer mixed raw: 731924 parameters
profile openmarcie_printer mixed early_fusion: 594164 parameters
profile openmarcie_printer mixed late_fusion: 705076 parameters
profile openmarcie_printer mixed local_only: 705076 parameters
profile openmarcie_printer mixed bottleneck: 732508 parameters
profile openmarcie_printer mixed tokenlearner: 734564 parameters
profile openmarcie_printer mixed posthoc_vq: 738068 parameters
profile openmarcie_printer mixed joint_vq: 742820 parameters
profile openmarcie_printer mixed deepconvlstm: 730792 parameters
profile openmarcie_printer mixed unrestricted_bank: 742948 parameters
profile openmarcie_printer mixed separate_banks: 740836 parameters
profile openmarcie_printer mixed fixed_resampling: 740836 parameters
profile openmarcie_printer mixed finetune_encoders: 740836 parameters
profile openmarcie_printer mixed no_alignment: 740836 parameters
profile openmarcie_printer mixed no_usage: 740836 parameters
profile openmarcie_printer mixed tcn: 580020 parameters
profile openmarcie_printer mixed ts_transformer: 592884 parameters
profile openmarcie_printer mixed patchtst: 560180 parameters
profile openmarcie_printer cuda distrixsense: 35502 parameters
profile openmarcie_printer cuda dense: 31046 parameters
profile openmarcie_printer cuda dense_tokens: 33422 parameters
profile openmarcie_printer cuda raw: 31046 parameters
profile openmarcie_printer cuda early_fusion: 27718 parameters
profile openmarcie_printer cuda late_fusion: 3866 parameters
profile openmarcie_printer cuda local_only: 3866 parameters
profile openmarcie_printer cuda bottleneck: 31338 parameters
profile openmarcie_printer cuda tokenlearner: 32366 parameters
profile openmarcie_printer cuda posthoc_vq: 33094 parameters
profile openmarcie_printer cuda joint_vq: 35470 parameters
profile openmarcie_printer cuda deepconvlstm: 33114 parameters
profile openmarcie_printer cuda unrestricted_bank: 35502 parameters
profile openmarcie_printer cuda separate_banks: 35502 parameters
profile openmarcie_printer cuda fixed_resampling: 35502 parameters
profile openmarcie_printer cuda finetune_encoders: 35502 parameters
profile openmarcie_printer cuda no_alignment: 35502 parameters
profile openmarcie_printer cuda no_usage: 35502 parameters
profile openmarcie_printer cuda tcn: 13606 parameters
profile openmarcie_printer cuda ts_transformer: 26470 parameters
profile openmarcie_printer cuda patchtst: 26630 parameters
profile openmarcie_printer mixed distrixsense: 35502 parameters
profile openmarcie_printer mixed dense: 31046 parameters
profile openmarcie_printer mixed dense_tokens: 33422 parameters
profile openmarcie_printer mixed raw: 31046 parameters
profile openmarcie_printer mixed early_fusion: 27718 parameters
profile openmarcie_printer mixed late_fusion: 3866 parameters
profile openmarcie_printer mixed local_only: 3866 parameters
profile openmarcie_printer mixed bottleneck: 31338 parameters
profile openmarcie_printer mixed tokenlearner: 32366 parameters
profile openmarcie_printer mixed posthoc_vq: 33094 parameters
profile openmarcie_printer mixed joint_vq: 35470 parameters
profile openmarcie_printer mixed deepconvlstm: 33114 parameters
profile openmarcie_printer mixed unrestricted_bank: 35502 parameters
profile openmarcie_printer mixed separate_banks: 35502 parameters
profile openmarcie_printer mixed fixed_resampling: 35502 parameters
profile openmarcie_printer mixed finetune_encoders: 35502 parameters
profile openmarcie_printer mixed no_alignment: 35502 parameters
profile openmarcie_printer mixed no_usage: 35502 parameters
profile openmarcie_printer mixed tcn: 13606 parameters
profile openmarcie_printer mixed ts_transformer: 26470 parameters
profile openmarcie_printer mixed patchtst: 26630 parameters
profile openmarcie_printer cuda distrixsense: 161384 parameters
profile openmarcie_printer cuda dense: 134648 parameters
profile openmarcie_printer cuda dense_tokens: 148904 parameters
profile openmarcie_printer cuda raw: 134648 parameters
profile openmarcie_printer cuda early_fusion: 66904 parameters
profile openmarcie_printer cuda late_fusion: 109128 parameters
profile openmarcie_printer cuda local_only: 109128 parameters
profile openmarcie_printer cuda bottleneck: 136400 parameters
profile openmarcie_printer cuda tokenlearner: 142568 parameters
profile openmarcie_printer cuda posthoc_vq: 177656 parameters
profile openmarcie_printer cuda joint_vq: 191912 parameters
profile openmarcie_printer cuda deepconvlstm: 120716 parameters
profile openmarcie_printer cuda unrestricted_bank: 193064 parameters
profile openmarcie_printer cuda separate_banks: 161384 parameters
profile openmarcie_printer cuda fixed_resampling: 161384 parameters
profile openmarcie_printer cuda finetune_encoders: 161384 parameters
profile openmarcie_printer cuda no_alignment: 161384 parameters
profile openmarcie_printer cuda no_usage: 161384 parameters
profile openmarcie_printer cuda tcn: 52632 parameters
profile openmarcie_printer cuda ts_transformer: 65496 parameters
profile openmarcie_printer cuda patchtst: 53272 parameters
profile openmarcie_printer mixed distrixsense: 161384 parameters
profile openmarcie_printer mixed dense: 134648 parameters
profile openmarcie_printer mixed dense_tokens: 148904 parameters
profile openmarcie_printer mixed raw: 134648 parameters
profile openmarcie_printer mixed early_fusion: 66904 parameters
profile openmarcie_printer mixed late_fusion: 109128 parameters
profile openmarcie_printer mixed local_only: 109128 parameters
profile openmarcie_printer mixed bottleneck: 136400 parameters
profile openmarcie_printer mixed tokenlearner: 142568 parameters
profile openmarcie_printer mixed posthoc_vq: 177656 parameters
profile openmarcie_printer mixed joint_vq: 191912 parameters
profile openmarcie_printer mixed deepconvlstm: 120716 parameters
profile openmarcie_printer mixed unrestricted_bank: 193064 parameters
profile openmarcie_printer mixed separate_banks: 161384 parameters
profile openmarcie_printer mixed fixed_resampling: 161384 parameters
profile openmarcie_printer mixed finetune_encoders: 161384 parameters
profile openmarcie_printer mixed no_alignment: 161384 parameters
profile openmarcie_printer mixed no_usage: 161384 parameters
profile openmarcie_printer mixed tcn: 52632 parameters
profile openmarcie_printer mixed ts_transformer: 65496 parameters
profile openmarcie_printer mixed patchtst: 53272 parameters
profile openmarcie_printer cuda distrixsense: 50224 parameters
profile openmarcie_printer cuda dense: 41312 parameters
profile openmarcie_printer cuda dense_tokens: 46064 parameters
profile openmarcie_printer cuda raw: 41312 parameters
profile openmarcie_printer cuda early_fusion: 30016 parameters
profile openmarcie_printer cuda late_fusion: 14464 parameters
profile openmarcie_printer cuda local_only: 14464 parameters
profile openmarcie_printer cuda bottleneck: 41896 parameters
profile openmarcie_printer cuda tokenlearner: 43952 parameters
profile openmarcie_printer cuda posthoc_vq: 47456 parameters
profile openmarcie_printer cuda joint_vq: 52208 parameters
profile openmarcie_printer cuda deepconvlstm: 40180 parameters
profile openmarcie_printer cuda unrestricted_bank: 52336 parameters
profile openmarcie_printer cuda separate_banks: 50224 parameters
profile openmarcie_printer cuda fixed_resampling: 50224 parameters
profile openmarcie_printer cuda finetune_encoders: 50224 parameters
profile openmarcie_printer cuda no_alignment: 50224 parameters
profile openmarcie_printer cuda no_usage: 50224 parameters
profile openmarcie_printer cuda tcn: 15872 parameters
profile openmarcie_printer cuda ts_transformer: 28736 parameters
profile openmarcie_printer cuda patchtst: 27648 parameters
profile openmarcie_printer mixed distrixsense: 50224 parameters
profile openmarcie_printer mixed dense: 41312 parameters
profile openmarcie_printer mixed dense_tokens: 46064 parameters
profile openmarcie_printer mixed raw: 41312 parameters
profile openmarcie_printer mixed early_fusion: 30016 parameters
profile openmarcie_printer mixed late_fusion: 14464 parameters
profile openmarcie_printer mixed local_only: 14464 parameters
profile openmarcie_printer mixed bottleneck: 41896 parameters
profile openmarcie_printer mixed tokenlearner: 43952 parameters
profile openmarcie_printer mixed posthoc_vq: 47456 parameters
profile openmarcie_printer mixed joint_vq: 52208 parameters
profile openmarcie_printer mixed deepconvlstm: 40180 parameters
profile openmarcie_printer mixed unrestricted_bank: 52336 parameters
profile openmarcie_printer mixed separate_banks: 50224 parameters
profile openmarcie_printer mixed fixed_resampling: 50224 parameters
profile openmarcie_printer mixed finetune_encoders: 50224 parameters
profile openmarcie_printer mixed no_alignment: 50224 parameters
profile openmarcie_printer mixed no_usage: 50224 parameters
profile openmarcie_printer mixed tcn: 15872 parameters
profile openmarcie_printer mixed ts_transformer: 28736 parameters
profile openmarcie_printer mixed patchtst: 27648 parameters
profile openmarcie_printer cuda distrixsense: 36194 parameters
profile openmarcie_printer cuda dense: 31738 parameters
profile openmarcie_printer cuda dense_tokens: 34114 parameters
profile openmarcie_printer cuda raw: 31738 parameters
profile openmarcie_printer cuda early_fusion: 27898 parameters
profile openmarcie_printer cuda late_fusion: 4558 parameters
profile openmarcie_printer cuda local_only: 4558 parameters
profile openmarcie_printer cuda bottleneck: 32030 parameters
profile openmarcie_printer cuda tokenlearner: 33058 parameters
profile openmarcie_printer cuda posthoc_vq: 33786 parameters
profile openmarcie_printer cuda joint_vq: 36162 parameters
profile openmarcie_printer cuda deepconvlstm: 33806 parameters
profile openmarcie_printer cuda unrestricted_bank: 36194 parameters
profile openmarcie_printer cuda separate_banks: 36194 parameters
profile openmarcie_printer cuda fixed_resampling: 36194 parameters
profile openmarcie_printer cuda finetune_encoders: 36194 parameters
profile openmarcie_printer cuda no_alignment: 36194 parameters
profile openmarcie_printer cuda no_usage: 36194 parameters
profile openmarcie_printer cuda tcn: 13786 parameters
profile openmarcie_printer cuda ts_transformer: 26650 parameters
profile openmarcie_printer cuda patchtst: 26682 parameters
profile openmarcie_printer mixed distrixsense: 36194 parameters
profile openmarcie_printer mixed dense: 31738 parameters
profile openmarcie_printer mixed dense_tokens: 34114 parameters
profile openmarcie_printer mixed raw: 31738 parameters
profile openmarcie_printer mixed early_fusion: 27898 parameters
profile openmarcie_printer mixed late_fusion: 4558 parameters
profile openmarcie_printer mixed local_only: 4558 parameters
profile openmarcie_printer mixed bottleneck: 32030 parameters
profile openmarcie_printer mixed tokenlearner: 33058 parameters
profile openmarcie_printer mixed posthoc_vq: 33786 parameters
profile openmarcie_printer mixed joint_vq: 36162 parameters
profile openmarcie_printer mixed deepconvlstm: 33806 parameters
profile openmarcie_printer mixed unrestricted_bank: 36194 parameters
profile openmarcie_printer mixed separate_banks: 36194 parameters
profile openmarcie_printer mixed fixed_resampling: 36194 parameters
profile openmarcie_printer mixed finetune_encoders: 36194 parameters
profile openmarcie_printer mixed no_alignment: 36194 parameters
profile openmarcie_printer mixed no_usage: 36194 parameters
profile openmarcie_printer mixed tcn: 13786 parameters
profile openmarcie_printer mixed ts_transformer: 26650 parameters
profile openmarcie_printer mixed patchtst: 26682 parameters
profile openmarcie_printer cuda distrixsense: 484712 parameters
profile openmarcie_printer cuda dense: 457976 parameters
profile openmarcie_printer cuda dense_tokens: 472232 parameters
profile openmarcie_printer cuda raw: 457976 parameters
profile openmarcie_printer cuda early_fusion: 291928 parameters
profile openmarcie_printer cuda late_fusion: 432456 parameters
profile openmarcie_printer cuda local_only: 432456 parameters
profile openmarcie_printer cuda bottleneck: 459728 parameters
profile openmarcie_printer cuda tokenlearner: 465896 parameters
profile openmarcie_printer cuda posthoc_vq: 500984 parameters
profile openmarcie_printer cuda joint_vq: 515240 parameters
profile openmarcie_printer cuda deepconvlstm: 444044 parameters
profile openmarcie_printer cuda unrestricted_bank: 516392 parameters
profile openmarcie_printer cuda separate_banks: 484712 parameters
profile openmarcie_printer cuda fixed_resampling: 484712 parameters
profile openmarcie_printer cuda finetune_encoders: 484712 parameters
profile openmarcie_printer cuda no_alignment: 484712 parameters
profile openmarcie_printer cuda no_usage: 484712 parameters
profile openmarcie_printer cuda tcn: 277656 parameters
profile openmarcie_printer cuda ts_transformer: 290520 parameters
profile openmarcie_printer cuda patchtst: 253720 parameters
profile openmarcie_printer mixed distrixsense: 484712 parameters
profile openmarcie_printer mixed dense: 457976 parameters
profile openmarcie_printer mixed dense_tokens: 472232 parameters
profile openmarcie_printer mixed raw: 457976 parameters
profile openmarcie_printer mixed early_fusion: 291928 parameters
profile openmarcie_printer mixed late_fusion: 432456 parameters
profile openmarcie_printer mixed local_only: 432456 parameters
profile openmarcie_printer mixed bottleneck: 459728 parameters
profile openmarcie_printer mixed tokenlearner: 465896 parameters
profile openmarcie_printer mixed posthoc_vq: 500984 parameters
profile openmarcie_printer mixed joint_vq: 515240 parameters
profile openmarcie_printer mixed deepconvlstm: 444044 parameters
profile openmarcie_printer mixed unrestricted_bank: 516392 parameters
profile openmarcie_printer mixed separate_banks: 484712 parameters
profile openmarcie_printer mixed fixed_resampling: 484712 parameters
profile openmarcie_printer mixed finetune_encoders: 484712 parameters
profile openmarcie_printer mixed no_alignment: 484712 parameters
profile openmarcie_printer mixed no_usage: 484712 parameters
profile openmarcie_printer mixed tcn: 277656 parameters
profile openmarcie_printer mixed ts_transformer: 290520 parameters
profile openmarcie_printer mixed patchtst: 253720 parameters
profile openmarcie_printer cuda distrixsense: 35844 parameters
profile openmarcie_printer cuda dense: 31388 parameters
profile openmarcie_printer cuda dense_tokens: 33764 parameters
profile openmarcie_printer cuda raw: 31388 parameters
profile openmarcie_printer cuda early_fusion: 27804 parameters
profile openmarcie_printer cuda late_fusion: 4208 parameters
profile openmarcie_printer cuda local_only: 4208 parameters
profile openmarcie_printer cuda bottleneck: 31680 parameters
profile openmarcie_printer cuda tokenlearner: 32708 parameters
profile openmarcie_printer cuda posthoc_vq: 33436 parameters
profile openmarcie_printer cuda joint_vq: 35812 parameters
profile openmarcie_printer cuda deepconvlstm: 33456 parameters
profile openmarcie_printer cuda unrestricted_bank: 35844 parameters
profile openmarcie_printer cuda separate_banks: 35844 parameters
profile openmarcie_printer cuda fixed_resampling: 35844 parameters
profile openmarcie_printer cuda finetune_encoders: 35844 parameters
profile openmarcie_printer cuda no_alignment: 35844 parameters
profile openmarcie_printer cuda no_usage: 35844 parameters
profile openmarcie_printer cuda tcn: 13692 parameters
profile openmarcie_printer cuda ts_transformer: 26556 parameters
profile openmarcie_printer cuda patchtst: 26652 parameters
profile openmarcie_printer mixed distrixsense: 35844 parameters
profile openmarcie_printer mixed dense: 31388 parameters
profile openmarcie_printer mixed dense_tokens: 33764 parameters
profile openmarcie_printer mixed raw: 31388 parameters
profile openmarcie_printer mixed early_fusion: 27804 parameters
profile openmarcie_printer mixed late_fusion: 4208 parameters
profile openmarcie_printer mixed local_only: 4208 parameters
profile openmarcie_printer mixed bottleneck: 31680 parameters
profile openmarcie_printer mixed tokenlearner: 32708 parameters
profile openmarcie_printer mixed posthoc_vq: 33436 parameters
profile openmarcie_printer mixed joint_vq: 35812 parameters
profile openmarcie_printer mixed deepconvlstm: 33456 parameters
profile openmarcie_printer mixed unrestricted_bank: 35844 parameters
profile openmarcie_printer mixed separate_banks: 35844 parameters
profile openmarcie_printer mixed fixed_resampling: 35844 parameters
profile openmarcie_printer mixed finetune_encoders: 35844 parameters
profile openmarcie_printer mixed no_alignment: 35844 parameters
profile openmarcie_printer mixed no_usage: 35844 parameters
profile openmarcie_printer mixed tcn: 13692 parameters
profile openmarcie_printer mixed ts_transformer: 26556 parameters
profile openmarcie_printer mixed patchtst: 26652 parameters
profile nymeria cuda distrixsense: 7934884 parameters
profile nymeria cuda dense: 7752188 parameters
profile nymeria cuda dense_tokens: 7849604 parameters
profile nymeria cuda raw: 7752188 parameters
profile nymeria cuda early_fusion: 6923516 parameters
profile nymeria cuda late_fusion: 7735714 parameters
profile nymeria cuda local_only: 7735714 parameters
profile nymeria cuda bottleneck: 7764160 parameters
profile nymeria cuda tokenlearner: 7806308 parameters
profile nymeria cuda posthoc_vq: 8046076 parameters
profile nymeria cuda joint_vq: 8143492 parameters
profile nymeria cuda deepconvlstm: 7626322 parameters
profile nymeria cuda unrestricted_bank: 9666724 parameters
profile nymeria cuda separate_banks: 7934884 parameters
profile nymeria cuda fixed_resampling: 7934884 parameters
profile nymeria cuda finetune_encoders: 7934884 parameters
profile nymeria cuda no_alignment: 7934884 parameters
profile nymeria cuda no_usage: 7934884 parameters
profile nymeria cuda tcn: 6908124 parameters
profile nymeria cuda ts_transformer: 6920988 parameters
profile nymeria cuda patchtst: 6744572 parameters
profile nymeria mixed distrixsense: 7934884 parameters
profile nymeria mixed dense: 7752188 parameters
profile nymeria mixed dense_tokens: 7849604 parameters
profile nymeria mixed raw: 7752188 parameters
profile nymeria mixed early_fusion: 6923516 parameters
profile nymeria mixed late_fusion: 7735714 parameters
profile nymeria mixed local_only: 7735714 parameters
profile nymeria mixed bottleneck: 7764160 parameters
profile nymeria mixed tokenlearner: 7806308 parameters
profile nymeria mixed posthoc_vq: 8046076 parameters
profile nymeria mixed joint_vq: 8143492 parameters
profile nymeria mixed deepconvlstm: 7626322 parameters
profile nymeria mixed unrestricted_bank: 9666724 parameters
profile nymeria mixed separate_banks: 7934884 parameters
profile nymeria mixed fixed_resampling: 7934884 parameters
profile nymeria mixed finetune_encoders: 7934884 parameters
profile nymeria mixed no_alignment: 7934884 parameters
profile nymeria mixed no_usage: 7934884 parameters
profile nymeria mixed tcn: 6908124 parameters
profile nymeria mixed ts_transformer: 6920988 parameters
profile nymeria mixed patchtst: 6744572 parameters
profile nymeria cuda distrixsense: 7109164 parameters
profile nymeria cuda dense: 7100252 parameters
profile nymeria cuda dense_tokens: 7105004 parameters
profile nymeria cuda raw: 7100252 parameters
profile nymeria cuda early_fusion: 6633532 parameters
profile nymeria cuda late_fusion: 7073404 parameters
profile nymeria cuda local_only: 7073404 parameters
profile nymeria cuda bottleneck: 7100836 parameters
profile nymeria cuda tokenlearner: 7102892 parameters
profile nymeria cuda posthoc_vq: 7106396 parameters
profile nymeria cuda joint_vq: 7111148 parameters
profile nymeria cuda deepconvlstm: 7099186 parameters
profile nymeria cuda unrestricted_bank: 7111276 parameters
profile nymeria cuda separate_banks: 7109164 parameters
profile nymeria cuda fixed_resampling: 7109164 parameters
profile nymeria cuda finetune_encoders: 7109164 parameters
profile nymeria cuda no_alignment: 7109164 parameters
profile nymeria cuda no_usage: 7109164 parameters
profile nymeria cuda tcn: 6619388 parameters
profile nymeria cuda ts_transformer: 6632252 parameters
profile nymeria cuda patchtst: 6517308 parameters
profile nymeria mixed distrixsense: 7109164 parameters
profile nymeria mixed dense: 7100252 parameters
profile nymeria mixed dense_tokens: 7105004 parameters
profile nymeria mixed raw: 7100252 parameters
profile nymeria mixed early_fusion: 6633532 parameters
profile nymeria mixed late_fusion: 7073404 parameters
profile nymeria mixed local_only: 7073404 parameters
profile nymeria mixed bottleneck: 7100836 parameters
profile nymeria mixed tokenlearner: 7102892 parameters
profile nymeria mixed posthoc_vq: 7106396 parameters
profile nymeria mixed joint_vq: 7111148 parameters
profile nymeria mixed deepconvlstm: 7099186 parameters
profile nymeria mixed unrestricted_bank: 7111276 parameters
profile nymeria mixed separate_banks: 7109164 parameters
profile nymeria mixed fixed_resampling: 7109164 parameters
profile nymeria mixed finetune_encoders: 7109164 parameters
profile nymeria mixed no_alignment: 7109164 parameters
profile nymeria mixed no_usage: 7109164 parameters
profile nymeria mixed tcn: 6619388 parameters
profile nymeria mixed ts_transformer: 6632252 parameters
profile nymeria mixed patchtst: 6517308 parameters
profile nymeria cuda distrixsense: 43024 parameters
profile nymeria cuda dense: 34112 parameters
profile nymeria cuda dense_tokens: 38864 parameters
profile nymeria cuda raw: 34112 parameters
profile nymeria cuda early_fusion: 27680 parameters
profile nymeria cuda late_fusion: 7264 parameters
profile nymeria cuda local_only: 7264 parameters
profile nymeria cuda bottleneck: 34696 parameters
profile nymeria cuda tokenlearner: 36752 parameters
profile nymeria cuda posthoc_vq: 40256 parameters
profile nymeria cuda joint_vq: 45008 parameters
profile nymeria cuda deepconvlstm: 33046 parameters
profile nymeria cuda unrestricted_bank: 45136 parameters
profile nymeria cuda separate_banks: 43024 parameters
profile nymeria cuda fixed_resampling: 43024 parameters
profile nymeria cuda finetune_encoders: 43024 parameters
profile nymeria cuda no_alignment: 43024 parameters
profile nymeria cuda no_usage: 43024 parameters
profile nymeria cuda tcn: 13536 parameters
profile nymeria cuda ts_transformer: 26400 parameters
profile nymeria cuda patchtst: 26528 parameters
profile nymeria mixed distrixsense: 43024 parameters
profile nymeria mixed dense: 34112 parameters
profile nymeria mixed dense_tokens: 38864 parameters
profile nymeria mixed raw: 34112 parameters
profile nymeria mixed early_fusion: 27680 parameters
profile nymeria mixed late_fusion: 7264 parameters
profile nymeria mixed local_only: 7264 parameters
profile nymeria mixed bottleneck: 34696 parameters
profile nymeria mixed tokenlearner: 36752 parameters
profile nymeria mixed posthoc_vq: 40256 parameters
profile nymeria mixed joint_vq: 45008 parameters
profile nymeria mixed deepconvlstm: 33046 parameters
profile nymeria mixed unrestricted_bank: 45136 parameters
profile nymeria mixed separate_banks: 43024 parameters
profile nymeria mixed fixed_resampling: 43024 parameters
profile nymeria mixed finetune_encoders: 43024 parameters
profile nymeria mixed no_alignment: 43024 parameters
profile nymeria mixed no_usage: 43024 parameters
profile nymeria mixed tcn: 13536 parameters
profile nymeria mixed ts_transformer: 26400 parameters
profile nymeria mixed patchtst: 26528 parameters
profile nymeria cuda distrixsense: 51182 parameters
profile nymeria cuda dense: 46726 parameters
profile nymeria cuda dense_tokens: 49102 parameters
profile nymeria cuda raw: 46726 parameters
profile nymeria cuda early_fusion: 34822 parameters
profile nymeria cuda late_fusion: 19612 parameters
profile nymeria cuda local_only: 19612 parameters
profile nymeria cuda bottleneck: 47018 parameters
profile nymeria cuda tokenlearner: 48046 parameters
profile nymeria cuda posthoc_vq: 48774 parameters
profile nymeria cuda joint_vq: 51150 parameters
profile nymeria cuda deepconvlstm: 48860 parameters
profile nymeria cuda unrestricted_bank: 51182 parameters
profile nymeria cuda separate_banks: 51182 parameters
profile nymeria cuda fixed_resampling: 51182 parameters
profile nymeria cuda finetune_encoders: 51182 parameters
profile nymeria cuda no_alignment: 51182 parameters
profile nymeria cuda no_usage: 51182 parameters
profile nymeria cuda tcn: 20710 parameters
profile nymeria cuda ts_transformer: 33574 parameters
profile nymeria cuda patchtst: 31590 parameters
profile nymeria mixed distrixsense: 51182 parameters
profile nymeria mixed dense: 46726 parameters
profile nymeria mixed dense_tokens: 49102 parameters
profile nymeria mixed raw: 46726 parameters
profile nymeria mixed early_fusion: 34822 parameters
profile nymeria mixed late_fusion: 19612 parameters
profile nymeria mixed local_only: 19612 parameters
profile nymeria mixed bottleneck: 47018 parameters
profile nymeria mixed tokenlearner: 48046 parameters
profile nymeria mixed posthoc_vq: 48774 parameters
profile nymeria mixed joint_vq: 51150 parameters
profile nymeria mixed deepconvlstm: 48860 parameters
profile nymeria mixed unrestricted_bank: 51182 parameters
profile nymeria mixed separate_banks: 51182 parameters
profile nymeria mixed fixed_resampling: 51182 parameters
profile nymeria mixed finetune_encoders: 51182 parameters
profile nymeria mixed no_alignment: 51182 parameters
profile nymeria mixed no_usage: 51182 parameters
profile nymeria mixed tcn: 20710 parameters
profile nymeria mixed ts_transformer: 33574 parameters
profile nymeria mixed patchtst: 31590 parameters
profile nymeria cuda distrixsense: 58680 parameters
profile nymeria cuda dense: 54224 parameters
profile nymeria cuda dense_tokens: 56600 parameters
profile nymeria cuda raw: 54224 parameters
profile nymeria cuda early_fusion: 39376 parameters
profile nymeria cuda late_fusion: 27110 parameters
profile nymeria cuda local_only: 27110 parameters
profile nymeria cuda bottleneck: 54516 parameters
profile nymeria cuda tokenlearner: 55544 parameters
profile nymeria cuda posthoc_vq: 56272 parameters
profile nymeria cuda joint_vq: 58648 parameters
profile nymeria cuda deepconvlstm: 56358 parameters
profile nymeria cuda unrestricted_bank: 58680 parameters
profile nymeria cuda separate_banks: 58680 parameters
profile nymeria cuda fixed_resampling: 58680 parameters
profile nymeria cuda finetune_encoders: 58680 parameters
profile nymeria cuda no_alignment: 58680 parameters
profile nymeria cuda no_usage: 58680 parameters
profile nymeria cuda tcn: 25264 parameters
profile nymeria cuda ts_transformer: 38128 parameters
profile nymeria cuda patchtst: 35408 parameters
profile nymeria mixed distrixsense: 58680 parameters
profile nymeria mixed dense: 54224 parameters
profile nymeria mixed dense_tokens: 56600 parameters
profile nymeria mixed raw: 54224 parameters
profile nymeria mixed early_fusion: 39376 parameters
profile nymeria mixed late_fusion: 27110 parameters
profile nymeria mixed local_only: 27110 parameters
profile nymeria mixed bottleneck: 54516 parameters
profile nymeria mixed tokenlearner: 55544 parameters
profile nymeria mixed posthoc_vq: 56272 parameters
profile nymeria mixed joint_vq: 58648 parameters
profile nymeria mixed deepconvlstm: 56358 parameters
profile nymeria mixed unrestricted_bank: 58680 parameters
profile nymeria mixed separate_banks: 58680 parameters
profile nymeria mixed fixed_resampling: 58680 parameters
profile nymeria mixed finetune_encoders: 58680 parameters
profile nymeria mixed no_alignment: 58680 parameters
profile nymeria mixed no_usage: 58680 parameters
profile nymeria mixed tcn: 25264 parameters
profile nymeria mixed ts_transformer: 38128 parameters
profile nymeria mixed patchtst: 35408 parameters
profile nymeria cuda distrixsense: 51182 parameters
profile nymeria cuda dense: 46726 parameters
profile nymeria cuda dense_tokens: 49102 parameters
profile nymeria cuda raw: 46726 parameters
profile nymeria cuda early_fusion: 34822 parameters
profile nymeria cuda late_fusion: 19612 parameters
profile nymeria cuda local_only: 19612 parameters
profile nymeria cuda bottleneck: 47018 parameters
profile nymeria cuda tokenlearner: 48046 parameters
profile nymeria cuda posthoc_vq: 48774 parameters
profile nymeria cuda joint_vq: 51150 parameters
profile nymeria cuda deepconvlstm: 48860 parameters
profile nymeria cuda unrestricted_bank: 51182 parameters
profile nymeria cuda separate_banks: 51182 parameters
profile nymeria cuda fixed_resampling: 51182 parameters
profile nymeria cuda finetune_encoders: 51182 parameters
profile nymeria cuda no_alignment: 51182 parameters
profile nymeria cuda no_usage: 51182 parameters
profile nymeria cuda tcn: 20710 parameters
profile nymeria cuda ts_transformer: 33574 parameters
profile nymeria cuda patchtst: 31590 parameters
profile nymeria mixed distrixsense: 51182 parameters
profile nymeria mixed dense: 46726 parameters
profile nymeria mixed dense_tokens: 49102 parameters
profile nymeria mixed raw: 46726 parameters
profile nymeria mixed early_fusion: 34822 parameters
profile nymeria mixed late_fusion: 19612 parameters
profile nymeria mixed local_only: 19612 parameters
profile nymeria mixed bottleneck: 47018 parameters
profile nymeria mixed tokenlearner: 48046 parameters
profile nymeria mixed posthoc_vq: 48774 parameters
profile nymeria mixed joint_vq: 51150 parameters
profile nymeria mixed deepconvlstm: 48860 parameters
profile nymeria mixed unrestricted_bank: 51182 parameters
profile nymeria mixed separate_banks: 51182 parameters
profile nymeria mixed fixed_resampling: 51182 parameters
profile nymeria mixed finetune_encoders: 51182 parameters
profile nymeria mixed no_alignment: 51182 parameters
profile nymeria mixed no_usage: 51182 parameters
profile nymeria mixed tcn: 20710 parameters
profile nymeria mixed ts_transformer: 33574 parameters
profile nymeria mixed patchtst: 31590 parameters
profile nymeria cuda distrixsense: 51182 parameters
profile nymeria cuda dense: 46726 parameters
profile nymeria cuda dense_tokens: 49102 parameters
profile nymeria cuda raw: 46726 parameters
profile nymeria cuda early_fusion: 34822 parameters
profile nymeria cuda late_fusion: 19612 parameters
profile nymeria cuda local_only: 19612 parameters
profile nymeria cuda bottleneck: 47018 parameters
profile nymeria cuda tokenlearner: 48046 parameters
profile nymeria cuda posthoc_vq: 48774 parameters
profile nymeria cuda joint_vq: 51150 parameters
profile nymeria cuda deepconvlstm: 48860 parameters
profile nymeria cuda unrestricted_bank: 51182 parameters
profile nymeria cuda separate_banks: 51182 parameters
profile nymeria cuda fixed_resampling: 51182 parameters
profile nymeria cuda finetune_encoders: 51182 parameters
profile nymeria cuda no_alignment: 51182 parameters
profile nymeria cuda no_usage: 51182 parameters
profile nymeria cuda tcn: 20710 parameters
profile nymeria cuda ts_transformer: 33574 parameters
profile nymeria cuda patchtst: 31590 parameters
profile nymeria mixed distrixsense: 51182 parameters
profile nymeria mixed dense: 46726 parameters
profile nymeria mixed dense_tokens: 49102 parameters
profile nymeria mixed raw: 46726 parameters
profile nymeria mixed early_fusion: 34822 parameters
profile nymeria mixed late_fusion: 19612 parameters
profile nymeria mixed local_only: 19612 parameters
profile nymeria mixed bottleneck: 47018 parameters
profile nymeria mixed tokenlearner: 48046 parameters
profile nymeria mixed posthoc_vq: 48774 parameters
profile nymeria mixed joint_vq: 51150 parameters
profile nymeria mixed deepconvlstm: 48860 parameters
profile nymeria mixed unrestricted_bank: 51182 parameters
profile nymeria mixed separate_banks: 51182 parameters
profile nymeria mixed fixed_resampling: 51182 parameters
profile nymeria mixed finetune_encoders: 51182 parameters
profile nymeria mixed no_alignment: 51182 parameters
profile nymeria mixed no_usage: 51182 parameters
profile nymeria mixed tcn: 20710 parameters
profile nymeria mixed ts_transformer: 33574 parameters
profile nymeria mixed patchtst: 31590 parameters
profile nymeria cuda distrixsense: 72004 parameters
profile nymeria cuda dense: 63092 parameters
profile nymeria cuda dense_tokens: 67844 parameters
profile nymeria cuda raw: 63092 parameters
profile nymeria cuda early_fusion: 40532 parameters
profile nymeria cuda late_fusion: 36244 parameters
profile nymeria cuda local_only: 36244 parameters
profile nymeria cuda bottleneck: 63676 parameters
profile nymeria cuda tokenlearner: 65732 parameters
profile nymeria cuda posthoc_vq: 69236 parameters
profile nymeria cuda joint_vq: 73988 parameters
profile nymeria cuda deepconvlstm: 62026 parameters
profile nymeria cuda unrestricted_bank: 74116 parameters
profile nymeria cuda separate_banks: 72004 parameters
profile nymeria cuda fixed_resampling: 72004 parameters
profile nymeria cuda finetune_encoders: 72004 parameters
profile nymeria cuda no_alignment: 72004 parameters
profile nymeria cuda no_usage: 72004 parameters
profile nymeria cuda tcn: 26388 parameters
profile nymeria cuda ts_transformer: 39252 parameters
profile nymeria cuda patchtst: 35348 parameters
profile nymeria mixed distrixsense: 72004 parameters
profile nymeria mixed dense: 63092 parameters
profile nymeria mixed dense_tokens: 67844 parameters
profile nymeria mixed raw: 63092 parameters
profile nymeria mixed early_fusion: 40532 parameters
profile nymeria mixed late_fusion: 36244 parameters
profile nymeria mixed local_only: 36244 parameters
profile nymeria mixed bottleneck: 63676 parameters
profile nymeria mixed tokenlearner: 65732 parameters
profile nymeria mixed posthoc_vq: 69236 parameters
profile nymeria mixed joint_vq: 73988 parameters
profile nymeria mixed deepconvlstm: 62026 parameters
profile nymeria mixed unrestricted_bank: 74116 parameters
profile nymeria mixed separate_banks: 72004 parameters
profile nymeria mixed fixed_resampling: 72004 parameters
profile nymeria mixed finetune_encoders: 72004 parameters
profile nymeria mixed no_alignment: 72004 parameters
profile nymeria mixed no_usage: 72004 parameters
profile nymeria mixed tcn: 26388 parameters
profile nymeria mixed ts_transformer: 39252 parameters
profile nymeria mixed patchtst: 35348 parameters
profile nymeria cuda distrixsense: 35712 parameters
profile nymeria cuda dense: 31256 parameters
profile nymeria cuda dense_tokens: 33632 parameters
profile nymeria cuda raw: 31256 parameters
profile nymeria cuda early_fusion: 27672 parameters
profile nymeria cuda late_fusion: 4142 parameters
profile nymeria cuda local_only: 4142 parameters
profile nymeria cuda bottleneck: 31548 parameters
profile nymeria cuda tokenlearner: 32576 parameters
profile nymeria cuda posthoc_vq: 33304 parameters
profile nymeria cuda joint_vq: 35680 parameters
profile nymeria cuda deepconvlstm: 33390 parameters
profile nymeria cuda unrestricted_bank: 35712 parameters
profile nymeria cuda separate_banks: 35712 parameters
profile nymeria cuda fixed_resampling: 35712 parameters
profile nymeria cuda finetune_encoders: 35712 parameters
profile nymeria cuda no_alignment: 35712 parameters
profile nymeria cuda no_usage: 35712 parameters
profile nymeria cuda tcn: 13560 parameters
profile nymeria cuda ts_transformer: 26424 parameters
profile nymeria cuda patchtst: 26520 parameters
profile nymeria mixed distrixsense: 35712 parameters
profile nymeria mixed dense: 31256 parameters
profile nymeria mixed dense_tokens: 33632 parameters
profile nymeria mixed raw: 31256 parameters
profile nymeria mixed early_fusion: 27672 parameters
profile nymeria mixed late_fusion: 4142 parameters
profile nymeria mixed local_only: 4142 parameters
profile nymeria mixed bottleneck: 31548 parameters
profile nymeria mixed tokenlearner: 32576 parameters
profile nymeria mixed posthoc_vq: 33304 parameters
profile nymeria mixed joint_vq: 35680 parameters
profile nymeria mixed deepconvlstm: 33390 parameters
profile nymeria mixed unrestricted_bank: 35712 parameters
profile nymeria mixed separate_banks: 35712 parameters
profile nymeria mixed fixed_resampling: 35712 parameters
profile nymeria mixed finetune_encoders: 35712 parameters
profile nymeria mixed no_alignment: 35712 parameters
profile nymeria mixed no_usage: 35712 parameters
profile nymeria mixed tcn: 13560 parameters
profile nymeria mixed ts_transformer: 26424 parameters
profile nymeria mixed patchtst: 26520 parameters
profile nymeria cuda distrixsense: 43700 parameters
profile nymeria cuda dense: 34788 parameters
profile nymeria cuda dense_tokens: 39540 parameters
profile nymeria cuda raw: 34788 parameters
profile nymeria cuda early_fusion: 27844 parameters
profile nymeria cuda late_fusion: 7940 parameters
profile nymeria cuda local_only: 7940 parameters
profile nymeria cuda bottleneck: 35372 parameters
profile nymeria cuda tokenlearner: 37428 parameters
profile nymeria cuda posthoc_vq: 40932 parameters
profile nymeria cuda joint_vq: 45684 parameters
profile nymeria cuda deepconvlstm: 33722 parameters
profile nymeria cuda unrestricted_bank: 45812 parameters
profile nymeria cuda separate_banks: 43700 parameters
profile nymeria cuda fixed_resampling: 43700 parameters
profile nymeria cuda finetune_encoders: 43700 parameters
profile nymeria cuda no_alignment: 43700 parameters
profile nymeria cuda no_usage: 43700 parameters
profile nymeria cuda tcn: 13700 parameters
profile nymeria cuda ts_transformer: 26564 parameters
profile nymeria cuda patchtst: 26564 parameters
profile nymeria mixed distrixsense: 43700 parameters
profile nymeria mixed dense: 34788 parameters
profile nymeria mixed dense_tokens: 39540 parameters
profile nymeria mixed raw: 34788 parameters
profile nymeria mixed early_fusion: 27844 parameters
profile nymeria mixed late_fusion: 7940 parameters
profile nymeria mixed local_only: 7940 parameters
profile nymeria mixed bottleneck: 35372 parameters
profile nymeria mixed tokenlearner: 37428 parameters
profile nymeria mixed posthoc_vq: 40932 parameters
profile nymeria mixed joint_vq: 45684 parameters
profile nymeria mixed deepconvlstm: 33722 parameters
profile nymeria mixed unrestricted_bank: 45812 parameters
profile nymeria mixed separate_banks: 43700 parameters
profile nymeria mixed fixed_resampling: 43700 parameters
profile nymeria mixed finetune_encoders: 43700 parameters
profile nymeria mixed no_alignment: 43700 parameters
profile nymeria mixed no_usage: 43700 parameters
profile nymeria mixed tcn: 13700 parameters
profile nymeria mixed ts_transformer: 26564 parameters
profile nymeria mixed patchtst: 26564 parameters
profile nymeria cuda distrixsense: 96836 parameters
profile nymeria cuda dense: 61188 parameters
profile nymeria cuda dense_tokens: 80196 parameters
profile nymeria cuda raw: 61188 parameters
profile nymeria cuda early_fusion: 30244 parameters
profile nymeria cuda late_fusion: 35936 parameters
profile nymeria cuda local_only: 35936 parameters
profile nymeria cuda bottleneck: 63524 parameters
profile nymeria cuda tokenlearner: 71748 parameters
profile nymeria cuda posthoc_vq: 102148 parameters
profile nymeria cuda joint_vq: 121156 parameters
profile nymeria cuda deepconvlstm: 40922 parameters
profile nymeria cuda unrestricted_bank: 155972 parameters
profile nymeria cuda separate_banks: 96836 parameters
profile nymeria cuda fixed_resampling: 96836 parameters
profile nymeria cuda finetune_encoders: 96836 parameters
profile nymeria cuda no_alignment: 96836 parameters
profile nymeria cuda no_usage: 96836 parameters
profile nymeria cuda tcn: 15908 parameters
profile nymeria cuda ts_transformer: 28772 parameters
profile nymeria cuda patchtst: 27236 parameters
profile nymeria mixed distrixsense: 96836 parameters
profile nymeria mixed dense: 61188 parameters
profile nymeria mixed dense_tokens: 80196 parameters
profile nymeria mixed raw: 61188 parameters
profile nymeria mixed early_fusion: 30244 parameters
profile nymeria mixed late_fusion: 35936 parameters
profile nymeria mixed local_only: 35936 parameters
profile nymeria mixed bottleneck: 63524 parameters
profile nymeria mixed tokenlearner: 71748 parameters
profile nymeria mixed posthoc_vq: 102148 parameters
profile nymeria mixed joint_vq: 121156 parameters
profile nymeria mixed deepconvlstm: 40922 parameters
profile nymeria mixed unrestricted_bank: 155972 parameters
profile nymeria mixed separate_banks: 96836 parameters
profile nymeria mixed fixed_resampling: 96836 parameters
profile nymeria mixed finetune_encoders: 96836 parameters
profile nymeria mixed no_alignment: 96836 parameters
profile nymeria mixed no_usage: 96836 parameters
profile nymeria mixed tcn: 15908 parameters
profile nymeria mixed ts_transformer: 28772 parameters
profile nymeria mixed patchtst: 27236 parameters
profile nymeria cuda distrixsense: 51182 parameters
profile nymeria cuda dense: 46726 parameters
profile nymeria cuda dense_tokens: 49102 parameters
profile nymeria cuda raw: 46726 parameters
profile nymeria cuda early_fusion: 34822 parameters
profile nymeria cuda late_fusion: 19612 parameters
profile nymeria cuda local_only: 19612 parameters
profile nymeria cuda bottleneck: 47018 parameters
profile nymeria cuda tokenlearner: 48046 parameters
profile nymeria cuda posthoc_vq: 48774 parameters
profile nymeria cuda joint_vq: 51150 parameters
profile nymeria cuda deepconvlstm: 48860 parameters
profile nymeria cuda unrestricted_bank: 51182 parameters
profile nymeria cuda separate_banks: 51182 parameters
profile nymeria cuda fixed_resampling: 51182 parameters
profile nymeria cuda finetune_encoders: 51182 parameters
profile nymeria cuda no_alignment: 51182 parameters
profile nymeria cuda no_usage: 51182 parameters
profile nymeria cuda tcn: 20710 parameters
profile nymeria cuda ts_transformer: 33574 parameters
profile nymeria cuda patchtst: 31590 parameters
profile nymeria mixed distrixsense: 51182 parameters
profile nymeria mixed dense: 46726 parameters
profile nymeria mixed dense_tokens: 49102 parameters
profile nymeria mixed raw: 46726 parameters
profile nymeria mixed early_fusion: 34822 parameters
profile nymeria mixed late_fusion: 19612 parameters
profile nymeria mixed local_only: 19612 parameters
profile nymeria mixed bottleneck: 47018 parameters
profile nymeria mixed tokenlearner: 48046 parameters
profile nymeria mixed posthoc_vq: 48774 parameters
profile nymeria mixed joint_vq: 51150 parameters
profile nymeria mixed deepconvlstm: 48860 parameters
profile nymeria mixed unrestricted_bank: 51182 parameters
profile nymeria mixed separate_banks: 51182 parameters
profile nymeria mixed fixed_resampling: 51182 parameters
profile nymeria mixed finetune_encoders: 51182 parameters
profile nymeria mixed no_alignment: 51182 parameters
profile nymeria mixed no_usage: 51182 parameters
profile nymeria mixed tcn: 20710 parameters
profile nymeria mixed ts_transformer: 33574 parameters
profile nymeria mixed patchtst: 31590 parameters
profile nymeria cuda distrixsense: 43700 parameters
profile nymeria cuda dense: 34788 parameters
profile nymeria cuda dense_tokens: 39540 parameters
profile nymeria cuda raw: 34788 parameters
profile nymeria cuda early_fusion: 27844 parameters
profile nymeria cuda late_fusion: 7940 parameters
profile nymeria cuda local_only: 7940 parameters
profile nymeria cuda bottleneck: 35372 parameters
profile nymeria cuda tokenlearner: 37428 parameters
profile nymeria cuda posthoc_vq: 40932 parameters
profile nymeria cuda joint_vq: 45684 parameters
profile nymeria cuda deepconvlstm: 33722 parameters
profile nymeria cuda unrestricted_bank: 45812 parameters
profile nymeria cuda separate_banks: 43700 parameters
profile nymeria cuda fixed_resampling: 43700 parameters
profile nymeria cuda finetune_encoders: 43700 parameters
profile nymeria cuda no_alignment: 43700 parameters
profile nymeria cuda no_usage: 43700 parameters
profile nymeria cuda tcn: 13700 parameters
profile nymeria cuda ts_transformer: 26564 parameters
profile nymeria cuda patchtst: 26564 parameters
profile nymeria mixed distrixsense: 43700 parameters
profile nymeria mixed dense: 34788 parameters
profile nymeria mixed dense_tokens: 39540 parameters
profile nymeria mixed raw: 34788 parameters
profile nymeria mixed early_fusion: 27844 parameters
profile nymeria mixed late_fusion: 7940 parameters
profile nymeria mixed local_only: 7940 parameters
profile nymeria mixed bottleneck: 35372 parameters
profile nymeria mixed tokenlearner: 37428 parameters
profile nymeria mixed posthoc_vq: 40932 parameters
profile nymeria mixed joint_vq: 45684 parameters
profile nymeria mixed deepconvlstm: 33722 parameters
profile nymeria mixed unrestricted_bank: 45812 parameters
profile nymeria mixed separate_banks: 43700 parameters
profile nymeria mixed fixed_resampling: 43700 parameters
profile nymeria mixed finetune_encoders: 43700 parameters
profile nymeria mixed no_alignment: 43700 parameters
profile nymeria mixed no_usage: 43700 parameters
profile nymeria mixed tcn: 13700 parameters
profile nymeria mixed ts_transformer: 26564 parameters
profile nymeria mixed patchtst: 26564 parameters
profile nymeria cuda distrixsense: 37160 parameters
profile nymeria cuda dense: 32704 parameters
profile nymeria cuda dense_tokens: 35080 parameters
profile nymeria cuda raw: 32704 parameters
profile nymeria cuda early_fusion: 28096 parameters
profile nymeria cuda late_fusion: 5590 parameters
profile nymeria cuda local_only: 5590 parameters
profile nymeria cuda bottleneck: 32996 parameters
profile nymeria cuda tokenlearner: 34024 parameters
profile nymeria cuda posthoc_vq: 34752 parameters
profile nymeria cuda joint_vq: 37128 parameters
profile nymeria cuda deepconvlstm: 34838 parameters
profile nymeria cuda unrestricted_bank: 37160 parameters
profile nymeria cuda separate_banks: 37160 parameters
profile nymeria cuda fixed_resampling: 37160 parameters
profile nymeria cuda finetune_encoders: 37160 parameters
profile nymeria cuda no_alignment: 37160 parameters
profile nymeria cuda no_usage: 37160 parameters
profile nymeria cuda tcn: 13984 parameters
profile nymeria cuda ts_transformer: 26848 parameters
profile nymeria cuda patchtst: 26688 parameters
profile nymeria mixed distrixsense: 37160 parameters
profile nymeria mixed dense: 32704 parameters
profile nymeria mixed dense_tokens: 35080 parameters
profile nymeria mixed raw: 32704 parameters
profile nymeria mixed early_fusion: 28096 parameters
profile nymeria mixed late_fusion: 5590 parameters
profile nymeria mixed local_only: 5590 parameters
profile nymeria mixed bottleneck: 32996 parameters
profile nymeria mixed tokenlearner: 34024 parameters
profile nymeria mixed posthoc_vq: 34752 parameters
profile nymeria mixed joint_vq: 37128 parameters
profile nymeria mixed deepconvlstm: 34838 parameters
profile nymeria mixed unrestricted_bank: 37160 parameters
profile nymeria mixed separate_banks: 37160 parameters
profile nymeria mixed fixed_resampling: 37160 parameters
profile nymeria mixed finetune_encoders: 37160 parameters
profile nymeria mixed no_alignment: 37160 parameters
profile nymeria mixed no_usage: 37160 parameters
profile nymeria mixed tcn: 13984 parameters
profile nymeria mixed ts_transformer: 26848 parameters
profile nymeria mixed patchtst: 26688 parameters
profile nymeria cuda distrixsense: 332180 parameters
profile nymeria cuda dense: 314356 parameters
profile nymeria cuda dense_tokens: 323860 parameters
profile nymeria cuda raw: 314356 parameters
profile nymeria cuda early_fusion: 203668 parameters
profile nymeria cuda late_fusion: 288040 parameters
profile nymeria cuda local_only: 288040 parameters
profile nymeria cuda bottleneck: 315524 parameters
profile nymeria cuda tokenlearner: 319636 parameters
profile nymeria cuda posthoc_vq: 334836 parameters
profile nymeria cuda joint_vq: 344340 parameters
profile nymeria cuda deepconvlstm: 306890 parameters
profile nymeria cuda unrestricted_bank: 344852 parameters
profile nymeria cuda separate_banks: 332180 parameters
profile nymeria cuda fixed_resampling: 332180 parameters
profile nymeria cuda finetune_encoders: 332180 parameters
profile nymeria cuda no_alignment: 332180 parameters
profile nymeria cuda no_usage: 332180 parameters
profile nymeria cuda tcn: 189460 parameters
profile nymeria cuda ts_transformer: 202324 parameters
profile nymeria cuda patchtst: 177876 parameters
profile nymeria mixed distrixsense: 332180 parameters
profile nymeria mixed dense: 314356 parameters
profile nymeria mixed dense_tokens: 323860 parameters
profile nymeria mixed raw: 314356 parameters
profile nymeria mixed early_fusion: 203668 parameters
profile nymeria mixed late_fusion: 288040 parameters
profile nymeria mixed local_only: 288040 parameters
profile nymeria mixed bottleneck: 315524 parameters
profile nymeria mixed tokenlearner: 319636 parameters
profile nymeria mixed posthoc_vq: 334836 parameters
profile nymeria mixed joint_vq: 344340 parameters
profile nymeria mixed deepconvlstm: 306890 parameters
profile nymeria mixed unrestricted_bank: 344852 parameters
profile nymeria mixed separate_banks: 332180 parameters
profile nymeria mixed fixed_resampling: 332180 parameters
profile nymeria mixed finetune_encoders: 332180 parameters
profile nymeria mixed no_alignment: 332180 parameters
profile nymeria mixed no_usage: 332180 parameters
profile nymeria mixed tcn: 189460 parameters
profile nymeria mixed ts_transformer: 202324 parameters
profile nymeria mixed patchtst: 177876 parameters
profile nymeria cuda distrixsense: 205876 parameters
profile nymeria cuda dense: 170228 parameters
profile nymeria cuda dense_tokens: 189236 parameters
profile nymeria cuda raw: 170228 parameters
profile nymeria cuda early_fusion: 79892 parameters
profile nymeria cuda late_fusion: 144976 parameters
profile nymeria cuda local_only: 144976 parameters
profile nymeria cuda bottleneck: 172564 parameters
profile nymeria cuda tokenlearner: 180788 parameters
profile nymeria cuda posthoc_vq: 211188 parameters
profile nymeria cuda joint_vq: 230196 parameters
profile nymeria cuda deepconvlstm: 149962 parameters
profile nymeria cuda unrestricted_bank: 265012 parameters
profile nymeria cuda separate_banks: 205876 parameters
profile nymeria cuda fixed_resampling: 205876 parameters
profile nymeria cuda finetune_encoders: 205876 parameters
profile nymeria cuda no_alignment: 205876 parameters
profile nymeria cuda no_usage: 205876 parameters
profile nymeria cuda tcn: 65556 parameters
profile nymeria cuda ts_transformer: 78420 parameters
profile nymeria cuda patchtst: 62036 parameters
profile nymeria mixed distrixsense: 205876 parameters
profile nymeria mixed dense: 170228 parameters
profile nymeria mixed dense_tokens: 189236 parameters
profile nymeria mixed raw: 170228 parameters
profile nymeria mixed early_fusion: 79892 parameters
profile nymeria mixed late_fusion: 144976 parameters
profile nymeria mixed local_only: 144976 parameters
profile nymeria mixed bottleneck: 172564 parameters
profile nymeria mixed tokenlearner: 180788 parameters
profile nymeria mixed posthoc_vq: 211188 parameters
profile nymeria mixed joint_vq: 230196 parameters
profile nymeria mixed deepconvlstm: 149962 parameters
profile nymeria mixed unrestricted_bank: 265012 parameters
profile nymeria mixed separate_banks: 205876 parameters
profile nymeria mixed fixed_resampling: 205876 parameters
profile nymeria mixed finetune_encoders: 205876 parameters
profile nymeria mixed no_alignment: 205876 parameters
profile nymeria mixed no_usage: 205876 parameters
profile nymeria mixed tcn: 65556 parameters
profile nymeria mixed ts_transformer: 78420 parameters
profile nymeria mixed patchtst: 62036 parameters
profile nymeria cuda distrixsense: 62820 parameters
profile nymeria cuda dense: 44996 parameters
profile nymeria cuda dense_tokens: 54500 parameters
profile nymeria cuda raw: 44996 parameters
profile nymeria cuda early_fusion: 29028 parameters
profile nymeria cuda late_fusion: 18680 parameters
profile nymeria cuda local_only: 18680 parameters
profile nymeria cuda bottleneck: 46164 parameters
profile nymeria cuda tokenlearner: 50276 parameters
profile nymeria cuda posthoc_vq: 65476 parameters
profile nymeria cuda joint_vq: 74980 parameters
profile nymeria cuda deepconvlstm: 37530 parameters
profile nymeria cuda unrestricted_bank: 75492 parameters
profile nymeria cuda separate_banks: 62820 parameters
profile nymeria cuda fixed_resampling: 62820 parameters
profile nymeria cuda finetune_encoders: 62820 parameters
profile nymeria cuda no_alignment: 62820 parameters
profile nymeria cuda no_usage: 62820 parameters
profile nymeria cuda tcn: 14820 parameters
profile nymeria cuda ts_transformer: 27684 parameters
profile nymeria cuda patchtst: 26916 parameters
profile nymeria mixed distrixsense: 62820 parameters
profile nymeria mixed dense: 44996 parameters
profile nymeria mixed dense_tokens: 54500 parameters
profile nymeria mixed raw: 44996 parameters
profile nymeria mixed early_fusion: 29028 parameters
profile nymeria mixed late_fusion: 18680 parameters
profile nymeria mixed local_only: 18680 parameters
profile nymeria mixed bottleneck: 46164 parameters
profile nymeria mixed tokenlearner: 50276 parameters
profile nymeria mixed posthoc_vq: 65476 parameters
profile nymeria mixed joint_vq: 74980 parameters
profile nymeria mixed deepconvlstm: 37530 parameters
profile nymeria mixed unrestricted_bank: 75492 parameters
profile nymeria mixed separate_banks: 62820 parameters
profile nymeria mixed fixed_resampling: 62820 parameters
profile nymeria mixed finetune_encoders: 62820 parameters
profile nymeria mixed no_alignment: 62820 parameters
profile nymeria mixed no_usage: 62820 parameters
profile nymeria mixed tcn: 14820 parameters
profile nymeria mixed ts_transformer: 27684 parameters
profile nymeria mixed patchtst: 26916 parameters
