Waiting for CPU suites to finish before timing GPU suites.
GPU and mixed suites: gemma3_1b
GPU and mixed suites: qwen3_4b
GPU and mixed suites: qwen3_8b
{"rows": 7749, "by_core": {"gemma3_1b": 861, "gemma3_1b_gpu": 1722, "qwen3_4b": 861, "qwen3_4b_gpu": 1722, "qwen3_8b": 861, "qwen3_8b_gpu": 1722}, "actual_core_shapes": 286, "report": "/home/lala/Code/DistriXSense/runs/published-dummy/RESULTS.md"}
Traceback (most recent call last):
  File "/home/lala/Code/DistriXSense/tools/validate_published_results.py", line 54, in <module>
    main()
    ~~~~^^
  File "/home/lala/Code/DistriXSense/tools/validate_published_results.py", line 26, in main
    assert math.isfinite(r['packet_logit_max_difference']) and r['packet_logit_max_difference']<1e-5
           ^^^^^^^^^^^^^^^^^^^^^^^^^^^^^^^^^^^^^^^^^^^^^^^^^^^^^^^^^^^^^^^^^^^^^^^^^^^^^^^^^^^^^^^^^
AssertionError
Traceback (most recent call last):
  File "/home/lala/Code/DistriXSense/tools/run_gpu_profiles.py", line 31, in <module>
    subprocess.run([sys.executable,str(ROOT/'tools'/tool)],cwd=ROOT,check=True)
    ~~~~~~~~~~~~~~^^^^^^^^^^^^^^^^^^^^^^^^^^^^^^^^^^^^^^^^^^^^^^^^^^^^^^^^^^^^^
  File "/home/lala/miniconda3/lib/python3.14/subprocess.py", line 578, in run
    raise CalledProcessError(retcode, process.args,
                             output=stdout, stderr=stderr)
subprocess.CalledProcessError: Command '['/home/lala/Code/DistriXSense/.venv-gpu/bin/python', '/home/lala/Code/DistriXSense/tools/validate_published_results.py']' returned non-zero exit status 1.
{"rows": 7749, "by_core": {"gemma3_1b": 861, "gemma3_1b_gpu": 1722, "qwen3_4b": 861, "qwen3_4b_gpu": 1722, "qwen3_8b": 861, "qwen3_8b_gpu": 1722}, "actual_core_shapes": 286, "report": "/home/lala/Code/DistriXSense/runs/published-dummy/RESULTS.md"}
{"combinations": 7749, "core_shape_measurements": 286, "unique_core_shapes": 272, "shape_reused_combinations": 7463, "packet_max_logit_difference": 2.384185791015625e-07, "coverage": "complete", "accounting_invariants": "passed", "by_core": {"gemma3_1b": 2583, "qwen3_4b": 2583, "qwen3_8b": 2583}, "task_accuracy_tested": false, "datasets_downloaded": false, "gpu_measured": true, "by_target": {"cpu": 2583, "cuda": 2583, "mixed": 2583}, "cross_device_reference_differences": [{"scenario_id": "nymeria__all__gemma3_1b", "target": "mixed", "method": "posthoc_vq", "difference": 8.098781108856201e-05}, {"scenario_id": "nymeria__all__qwen3_4b", "target": "mixed", "method": "posthoc_vq", "difference": 8.098781108856201e-05}, {"scenario_id": "nymeria__all__qwen3_8b", "target": "mixed", "method": "posthoc_vq", "difference": 8.098781108856201e-05}]}
