`torch_dtype` is deprecated! Use `dtype` instead!
Loading checkpoint shards:   0%|          | 0/3 [00:00<?, ?it/s]Loading checkpoint shards: 100%|██████████| 3/3 [00:00<00:00, 56.36it/s]
The following generation flags are not valid and may be ignored: ['temperature', 'top_p', 'top_k']. Set `TRANSFORMERS_VERBOSITY=info` for more details.
profile openmarcie_printer cpu late_fusion: 109128 parameters
profile openmarcie_printer cpu local_only: 109128 parameters
profile openmarcie_printer cpu bottleneck: 136400 parameters
profile openmarcie_printer cpu tokenlearner: 142568 parameters
profile openmarcie_printer cpu posthoc_vq: 177656 parameters
profile openmarcie_printer cpu joint_vq: 191912 parameters
profile openmarcie_printer cpu deepconvlstm: 120716 parameters
profile openmarcie_printer cpu unrestricted_bank: 193064 parameters
profile openmarcie_printer cpu separate_banks: 161384 parameters
profile openmarcie_printer cpu fixed_resampling: 161384 parameters
profile openmarcie_printer cpu finetune_encoders: 161384 parameters
profile openmarcie_printer cpu no_alignment: 161384 parameters
profile openmarcie_printer cpu no_usage: 161384 parameters
profile openmarcie_printer cpu tcn: 52632 parameters
profile openmarcie_printer cpu ts_transformer: 65496 parameters
profile openmarcie_printer cpu patchtst: 53272 parameters
profile openmarcie_printer cpu distrixsense: 50224 parameters
profile openmarcie_printer cpu dense: 41312 parameters
profile openmarcie_printer cpu dense_tokens: 46064 parameters
profile openmarcie_printer cpu raw: 41312 parameters
profile openmarcie_printer cpu early_fusion: 30016 parameters
profile openmarcie_printer cpu late_fusion: 14464 parameters
profile openmarcie_printer cpu local_only: 14464 parameters
profile openmarcie_printer cpu bottleneck: 41896 parameters
profile openmarcie_printer cpu tokenlearner: 43952 parameters
profile openmarcie_printer cpu posthoc_vq: 47456 parameters
profile openmarcie_printer cpu joint_vq: 52208 parameters
profile openmarcie_printer cpu deepconvlstm: 40180 parameters
profile openmarcie_printer cpu unrestricted_bank: 52336 parameters
profile openmarcie_printer cpu separate_banks: 50224 parameters
profile openmarcie_printer cpu fixed_resampling: 50224 parameters
profile openmarcie_printer cpu finetune_encoders: 50224 parameters
profile openmarcie_printer cpu no_alignment: 50224 parameters
profile openmarcie_printer cpu no_usage: 50224 parameters
profile openmarcie_printer cpu tcn: 15872 parameters
profile openmarcie_printer cpu ts_transformer: 28736 parameters
profile openmarcie_printer cpu patchtst: 27648 parameters
profile openmarcie_printer cpu distrixsense: 36194 parameters
profile openmarcie_printer cpu dense: 31738 parameters
profile openmarcie_printer cpu dense_tokens: 34114 parameters
profile openmarcie_printer cpu raw: 31738 parameters
profile openmarcie_printer cpu early_fusion: 27898 parameters
profile openmarcie_printer cpu late_fusion: 4558 parameters
profile openmarcie_printer cpu local_only: 4558 parameters
profile openmarcie_printer cpu bottleneck: 32030 parameters
profile openmarcie_printer cpu tokenlearner: 33058 parameters
profile openmarcie_printer cpu posthoc_vq: 33786 parameters
profile openmarcie_printer cpu joint_vq: 36162 parameters
profile openmarcie_printer cpu deepconvlstm: 33806 parameters
profile openmarcie_printer cpu unrestricted_bank: 36194 parameters
profile openmarcie_printer cpu separate_banks: 36194 parameters
profile openmarcie_printer cpu fixed_resampling: 36194 parameters
profile openmarcie_printer cpu finetune_encoders: 36194 parameters
profile openmarcie_printer cpu no_alignment: 36194 parameters
profile openmarcie_printer cpu no_usage: 36194 parameters
profile openmarcie_printer cpu tcn: 13786 parameters
profile openmarcie_printer cpu ts_transformer: 26650 parameters
profile openmarcie_printer cpu patchtst: 26682 parameters
profile openmarcie_printer cpu distrixsense: 484712 parameters
profile openmarcie_printer cpu dense: 457976 parameters
profile openmarcie_printer cpu dense_tokens: 472232 parameters
profile openmarcie_printer cpu raw: 457976 parameters
profile openmarcie_printer cpu early_fusion: 291928 parameters
profile openmarcie_printer cpu late_fusion: 432456 parameters
profile openmarcie_printer cpu local_only: 432456 parameters
profile openmarcie_printer cpu bottleneck: 459728 parameters
profile openmarcie_printer cpu tokenlearner: 465896 parameters
profile openmarcie_printer cpu posthoc_vq: 500984 parameters
profile openmarcie_printer cpu joint_vq: 515240 parameters
profile openmarcie_printer cpu deepconvlstm: 444044 parameters
profile openmarcie_printer cpu unrestricted_bank: 516392 parameters
profile openmarcie_printer cpu separate_banks: 484712 parameters
profile openmarcie_printer cpu fixed_resampling: 484712 parameters
profile openmarcie_printer cpu finetune_encoders: 484712 parameters
profile openmarcie_printer cpu no_alignment: 484712 parameters
profile openmarcie_printer cpu no_usage: 484712 parameters
profile openmarcie_printer cpu tcn: 277656 parameters
profile openmarcie_printer cpu ts_transformer: 290520 parameters
profile openmarcie_printer cpu patchtst: 253720 parameters
profile openmarcie_printer cpu distrixsense: 35844 parameters
profile openmarcie_printer cpu dense: 31388 parameters
profile openmarcie_printer cpu dense_tokens: 33764 parameters
profile openmarcie_printer cpu raw: 31388 parameters
profile openmarcie_printer cpu early_fusion: 27804 parameters
profile openmarcie_printer cpu late_fusion: 4208 parameters
profile openmarcie_printer cpu local_only: 4208 parameters
profile openmarcie_printer cpu bottleneck: 31680 parameters
profile openmarcie_printer cpu tokenlearner: 32708 parameters
profile openmarcie_printer cpu posthoc_vq: 33436 parameters
profile openmarcie_printer cpu joint_vq: 35812 parameters
profile openmarcie_printer cpu deepconvlstm: 33456 parameters
profile openmarcie_printer cpu unrestricted_bank: 35844 parameters
profile openmarcie_printer cpu separate_banks: 35844 parameters
profile openmarcie_printer cpu fixed_resampling: 35844 parameters
profile openmarcie_printer cpu finetune_encoders: 35844 parameters
profile openmarcie_printer cpu no_alignment: 35844 parameters
profile openmarcie_printer cpu no_usage: 35844 parameters
profile openmarcie_printer cpu tcn: 13692 parameters
profile openmarcie_printer cpu ts_transformer: 26556 parameters
profile openmarcie_printer cpu patchtst: 26652 parameters
profile nymeria cpu distrixsense: 7934884 parameters
profile nymeria cpu dense: 7752188 parameters
profile nymeria cpu dense_tokens: 7849604 parameters
profile nymeria cpu raw: 7752188 parameters
profile nymeria cpu early_fusion: 6923516 parameters
profile nymeria cpu late_fusion: 7735714 parameters
profile nymeria cpu local_only: 7735714 parameters
profile nymeria cpu bottleneck: 7764160 parameters
profile nymeria cpu tokenlearner: 7806308 parameters
profile nymeria cpu posthoc_vq: 8046076 parameters
profile nymeria cpu joint_vq: 8143492 parameters
profile nymeria cpu deepconvlstm: 7626322 parameters
profile nymeria cpu unrestricted_bank: 9666724 parameters
profile nymeria cpu separate_banks: 7934884 parameters
profile nymeria cpu fixed_resampling: 7934884 parameters
profile nymeria cpu finetune_encoders: 7934884 parameters
profile nymeria cpu no_alignment: 7934884 parameters
profile nymeria cpu no_usage: 7934884 parameters
profile nymeria cpu tcn: 6908124 parameters
profile nymeria cpu ts_transformer: 6920988 parameters
profile nymeria cpu patchtst: 6744572 parameters
profile nymeria cpu distrixsense: 7109164 parameters
profile nymeria cpu dense: 7100252 parameters
profile nymeria cpu dense_tokens: 7105004 parameters
profile nymeria cpu raw: 7100252 parameters
profile nymeria cpu early_fusion: 6633532 parameters
profile nymeria cpu late_fusion: 7073404 parameters
profile nymeria cpu local_only: 7073404 parameters
profile nymeria cpu bottleneck: 7100836 parameters
profile nymeria cpu tokenlearner: 7102892 parameters
profile nymeria cpu posthoc_vq: 7106396 parameters
profile nymeria cpu joint_vq: 7111148 parameters
profile nymeria cpu deepconvlstm: 7099186 parameters
profile nymeria cpu unrestricted_bank: 7111276 parameters
profile nymeria cpu separate_banks: 7109164 parameters
profile nymeria cpu fixed_resampling: 7109164 parameters
profile nymeria cpu finetune_encoders: 7109164 parameters
profile nymeria cpu no_alignment: 7109164 parameters
profile nymeria cpu no_usage: 7109164 parameters
profile nymeria cpu tcn: 6619388 parameters
profile nymeria cpu ts_transformer: 6632252 parameters
profile nymeria cpu patchtst: 6517308 parameters
profile nymeria cpu distrixsense: 43024 parameters
profile nymeria cpu dense: 34112 parameters
profile nymeria cpu dense_tokens: 38864 parameters
profile nymeria cpu raw: 34112 parameters
profile nymeria cpu early_fusion: 27680 parameters
profile nymeria cpu late_fusion: 7264 parameters
profile nymeria cpu local_only: 7264 parameters
profile nymeria cpu bottleneck: 34696 parameters
profile nymeria cpu tokenlearner: 36752 parameters
profile nymeria cpu posthoc_vq: 40256 parameters
profile nymeria cpu joint_vq: 45008 parameters
profile nymeria cpu deepconvlstm: 33046 parameters
profile nymeria cpu unrestricted_bank: 45136 parameters
profile nymeria cpu separate_banks: 43024 parameters
profile nymeria cpu fixed_resampling: 43024 parameters
profile nymeria cpu finetune_encoders: 43024 parameters
profile nymeria cpu no_alignment: 43024 parameters
profile nymeria cpu no_usage: 43024 parameters
profile nymeria cpu tcn: 13536 parameters
profile nymeria cpu ts_transformer: 26400 parameters
profile nymeria cpu patchtst: 26528 parameters
profile nymeria cpu distrixsense: 51182 parameters
profile nymeria cpu dense: 46726 parameters
profile nymeria cpu dense_tokens: 49102 parameters
profile nymeria cpu raw: 46726 parameters
profile nymeria cpu early_fusion: 34822 parameters
profile nymeria cpu late_fusion: 19612 parameters
profile nymeria cpu local_only: 19612 parameters
profile nymeria cpu bottleneck: 47018 parameters
profile nymeria cpu tokenlearner: 48046 parameters
profile nymeria cpu posthoc_vq: 48774 parameters
profile nymeria cpu joint_vq: 51150 parameters
profile nymeria cpu deepconvlstm: 48860 parameters
profile nymeria cpu unrestricted_bank: 51182 parameters
profile nymeria cpu separate_banks: 51182 parameters
profile nymeria cpu fixed_resampling: 51182 parameters
profile nymeria cpu finetune_encoders: 51182 parameters
profile nymeria cpu no_alignment: 51182 parameters
profile nymeria cpu no_usage: 51182 parameters
profile nymeria cpu tcn: 20710 parameters
profile nymeria cpu ts_transformer: 33574 parameters
profile nymeria cpu patchtst: 31590 parameters
profile nymeria cpu distrixsense: 58680 parameters
profile nymeria cpu dense: 54224 parameters
profile nymeria cpu dense_tokens: 56600 parameters
profile nymeria cpu raw: 54224 parameters
profile nymeria cpu early_fusion: 39376 parameters
profile nymeria cpu late_fusion: 27110 parameters
profile nymeria cpu local_only: 27110 parameters
profile nymeria cpu bottleneck: 54516 parameters
profile nymeria cpu tokenlearner: 55544 parameters
profile nymeria cpu posthoc_vq: 56272 parameters
profile nymeria cpu joint_vq: 58648 parameters
profile nymeria cpu deepconvlstm: 56358 parameters
profile nymeria cpu unrestricted_bank: 58680 parameters
profile nymeria cpu separate_banks: 58680 parameters
profile nymeria cpu fixed_resampling: 58680 parameters
profile nymeria cpu finetune_encoders: 58680 parameters
profile nymeria cpu no_alignment: 58680 parameters
profile nymeria cpu no_usage: 58680 parameters
profile nymeria cpu tcn: 25264 parameters
profile nymeria cpu ts_transformer: 38128 parameters
profile nymeria cpu patchtst: 35408 parameters
profile nymeria cpu distrixsense: 51182 parameters
profile nymeria cpu dense: 46726 parameters
profile nymeria cpu dense_tokens: 49102 parameters
profile nymeria cpu raw: 46726 parameters
profile nymeria cpu early_fusion: 34822 parameters
profile nymeria cpu late_fusion: 19612 parameters
profile nymeria cpu local_only: 19612 parameters
profile nymeria cpu bottleneck: 47018 parameters
profile nymeria cpu tokenlearner: 48046 parameters
profile nymeria cpu posthoc_vq: 48774 parameters
profile nymeria cpu joint_vq: 51150 parameters
profile nymeria cpu deepconvlstm: 48860 parameters
profile nymeria cpu unrestricted_bank: 51182 parameters
profile nymeria cpu separate_banks: 51182 parameters
profile nymeria cpu fixed_resampling: 51182 parameters
profile nymeria cpu finetune_encoders: 51182 parameters
profile nymeria cpu no_alignment: 51182 parameters
profile nymeria cpu no_usage: 51182 parameters
profile nymeria cpu tcn: 20710 parameters
profile nymeria cpu ts_transformer: 33574 parameters
profile nymeria cpu patchtst: 31590 parameters
profile nymeria cpu distrixsense: 51182 parameters
profile nymeria cpu dense: 46726 parameters
profile nymeria cpu dense_tokens: 49102 parameters
profile nymeria cpu raw: 46726 parameters
profile nymeria cpu early_fusion: 34822 parameters
profile nymeria cpu late_fusion: 19612 parameters
profile nymeria cpu local_only: 19612 parameters
profile nymeria cpu bottleneck: 47018 parameters
profile nymeria cpu tokenlearner: 48046 parameters
profile nymeria cpu posthoc_vq: 48774 parameters
profile nymeria cpu joint_vq: 51150 parameters
profile nymeria cpu deepconvlstm: 48860 parameters
profile nymeria cpu unrestricted_bank: 51182 parameters
profile nymeria cpu separate_banks: 51182 parameters
profile nymeria cpu fixed_resampling: 51182 parameters
profile nymeria cpu finetune_encoders: 51182 parameters
profile nymeria cpu no_alignment: 51182 parameters
profile nymeria cpu no_usage: 51182 parameters
profile nymeria cpu tcn: 20710 parameters
profile nymeria cpu ts_transformer: 33574 parameters
profile nymeria cpu patchtst: 31590 parameters
profile nymeria cpu distrixsense: 72004 parameters
profile nymeria cpu dense: 63092 parameters
profile nymeria cpu dense_tokens: 67844 parameters
profile nymeria cpu raw: 63092 parameters
profile nymeria cpu early_fusion: 40532 parameters
profile nymeria cpu late_fusion: 36244 parameters
profile nymeria cpu local_only: 36244 parameters
profile nymeria cpu bottleneck: 63676 parameters
profile nymeria cpu tokenlearner: 65732 parameters
profile nymeria cpu posthoc_vq: 69236 parameters
profile nymeria cpu joint_vq: 73988 parameters
profile nymeria cpu deepconvlstm: 62026 parameters
profile nymeria cpu unrestricted_bank: 74116 parameters
profile nymeria cpu separate_banks: 72004 parameters
profile nymeria cpu fixed_resampling: 72004 parameters
profile nymeria cpu finetune_encoders: 72004 parameters
profile nymeria cpu no_alignment: 72004 parameters
profile nymeria cpu no_usage: 72004 parameters
profile nymeria cpu tcn: 26388 parameters
profile nymeria cpu ts_transformer: 39252 parameters
profile nymeria cpu patchtst: 35348 parameters
profile nymeria cpu distrixsense: 35712 parameters
profile nymeria cpu dense: 31256 parameters
profile nymeria cpu dense_tokens: 33632 parameters
profile nymeria cpu raw: 31256 parameters
profile nymeria cpu early_fusion: 27672 parameters
profile nymeria cpu late_fusion: 4142 parameters
profile nymeria cpu local_only: 4142 parameters
profile nymeria cpu bottleneck: 31548 parameters
profile nymeria cpu tokenlearner: 32576 parameters
profile nymeria cpu posthoc_vq: 33304 parameters
profile nymeria cpu joint_vq: 35680 parameters
profile nymeria cpu deepconvlstm: 33390 parameters
profile nymeria cpu unrestricted_bank: 35712 parameters
profile nymeria cpu separate_banks: 35712 parameters
profile nymeria cpu fixed_resampling: 35712 parameters
profile nymeria cpu finetune_encoders: 35712 parameters
profile nymeria cpu no_alignment: 35712 parameters
profile nymeria cpu no_usage: 35712 parameters
profile nymeria cpu tcn: 13560 parameters
profile nymeria cpu ts_transformer: 26424 parameters
profile nymeria cpu patchtst: 26520 parameters
profile nymeria cpu distrixsense: 43700 parameters
profile nymeria cpu dense: 34788 parameters
profile nymeria cpu dense_tokens: 39540 parameters
profile nymeria cpu raw: 34788 parameters
profile nymeria cpu early_fusion: 27844 parameters
profile nymeria cpu late_fusion: 7940 parameters
profile nymeria cpu local_only: 7940 parameters
profile nymeria cpu bottleneck: 35372 parameters
profile nymeria cpu tokenlearner: 37428 parameters
profile nymeria cpu posthoc_vq: 40932 parameters
profile nymeria cpu joint_vq: 45684 parameters
profile nymeria cpu deepconvlstm: 33722 parameters
profile nymeria cpu unrestricted_bank: 45812 parameters
profile nymeria cpu separate_banks: 43700 parameters
profile nymeria cpu fixed_resampling: 43700 parameters
profile nymeria cpu finetune_encoders: 43700 parameters
profile nymeria cpu no_alignment: 43700 parameters
profile nymeria cpu no_usage: 43700 parameters
profile nymeria cpu tcn: 13700 parameters
profile nymeria cpu ts_transformer: 26564 parameters
profile nymeria cpu patchtst: 26564 parameters
profile nymeria cpu distrixsense: 96836 parameters
profile nymeria cpu dense: 61188 parameters
profile nymeria cpu dense_tokens: 80196 parameters
profile nymeria cpu raw: 61188 parameters
profile nymeria cpu early_fusion: 30244 parameters
profile nymeria cpu late_fusion: 35936 parameters
profile nymeria cpu local_only: 35936 parameters
profile nymeria cpu bottleneck: 63524 parameters
profile nymeria cpu tokenlearner: 71748 parameters
profile nymeria cpu posthoc_vq: 102148 parameters
profile nymeria cpu joint_vq: 121156 parameters
profile nymeria cpu deepconvlstm: 40922 parameters
profile nymeria cpu unrestricted_bank: 155972 parameters
profile nymeria cpu separate_banks: 96836 parameters
profile nymeria cpu fixed_resampling: 96836 parameters
profile nymeria cpu finetune_encoders: 96836 parameters
profile nymeria cpu no_alignment: 96836 parameters
profile nymeria cpu no_usage: 96836 parameters
profile nymeria cpu tcn: 15908 parameters
profile nymeria cpu ts_transformer: 28772 parameters
profile nymeria cpu patchtst: 27236 parameters
profile nymeria cpu distrixsense: 51182 parameters
profile nymeria cpu dense: 46726 parameters
profile nymeria cpu dense_tokens: 49102 parameters
profile nymeria cpu raw: 46726 parameters
profile nymeria cpu early_fusion: 34822 parameters
profile nymeria cpu late_fusion: 19612 parameters
profile nymeria cpu local_only: 19612 parameters
profile nymeria cpu bottleneck: 47018 parameters
profile nymeria cpu tokenlearner: 48046 parameters
profile nymeria cpu posthoc_vq: 48774 parameters
profile nymeria cpu joint_vq: 51150 parameters
profile nymeria cpu deepconvlstm: 48860 parameters
profile nymeria cpu unrestricted_bank: 51182 parameters
profile nymeria cpu separate_banks: 51182 parameters
profile nymeria cpu fixed_resampling: 51182 parameters
profile nymeria cpu finetune_encoders: 51182 parameters
profile nymeria cpu no_alignment: 51182 parameters
profile nymeria cpu no_usage: 51182 parameters
profile nymeria cpu tcn: 20710 parameters
profile nymeria cpu ts_transformer: 33574 parameters
profile nymeria cpu patchtst: 31590 parameters
profile nymeria cpu distrixsense: 43700 parameters
profile nymeria cpu dense: 34788 parameters
profile nymeria cpu dense_tokens: 39540 parameters
profile nymeria cpu raw: 34788 parameters
profile nymeria cpu early_fusion: 27844 parameters
profile nymeria cpu late_fusion: 7940 parameters
profile nymeria cpu local_only: 7940 parameters
profile nymeria cpu bottleneck: 35372 parameters
profile nymeria cpu tokenlearner: 37428 parameters
profile nymeria cpu posthoc_vq: 40932 parameters
profile nymeria cpu joint_vq: 45684 parameters
profile nymeria cpu deepconvlstm: 33722 parameters
profile nymeria cpu unrestricted_bank: 45812 parameters
profile nymeria cpu separate_banks: 43700 parameters
profile nymeria cpu fixed_resampling: 43700 parameters
profile nymeria cpu finetune_encoders: 43700 parameters
profile nymeria cpu no_alignment: 43700 parameters
profile nymeria cpu no_usage: 43700 parameters
profile nymeria cpu tcn: 13700 parameters
profile nymeria cpu ts_transformer: 26564 parameters
profile nymeria cpu patchtst: 26564 parameters
profile nymeria cpu distrixsense: 37160 parameters
profile nymeria cpu dense: 32704 parameters
profile nymeria cpu dense_tokens: 35080 parameters
profile nymeria cpu raw: 32704 parameters
profile nymeria cpu early_fusion: 28096 parameters
profile nymeria cpu late_fusion: 5590 parameters
profile nymeria cpu local_only: 5590 parameters
profile nymeria cpu bottleneck: 32996 parameters
profile nymeria cpu tokenlearner: 34024 parameters
profile nymeria cpu posthoc_vq: 34752 parameters
profile nymeria cpu joint_vq: 37128 parameters
profile nymeria cpu deepconvlstm: 34838 parameters
profile nymeria cpu unrestricted_bank: 37160 parameters
profile nymeria cpu separate_banks: 37160 parameters
profile nymeria cpu fixed_resampling: 37160 parameters
profile nymeria cpu finetune_encoders: 37160 parameters
profile nymeria cpu no_alignment: 37160 parameters
profile nymeria cpu no_usage: 37160 parameters
profile nymeria cpu tcn: 13984 parameters
profile nymeria cpu ts_transformer: 26848 parameters
profile nymeria cpu patchtst: 26688 parameters
profile nymeria cpu distrixsense: 332180 parameters
profile nymeria cpu dense: 314356 parameters
profile nymeria cpu dense_tokens: 323860 parameters
profile nymeria cpu raw: 314356 parameters
profile nymeria cpu early_fusion: 203668 parameters
profile nymeria cpu late_fusion: 288040 parameters
profile nymeria cpu local_only: 288040 parameters
profile nymeria cpu bottleneck: 315524 parameters
profile nymeria cpu tokenlearner: 319636 parameters
profile nymeria cpu posthoc_vq: 334836 parameters
profile nymeria cpu joint_vq: 344340 parameters
profile nymeria cpu deepconvlstm: 306890 parameters
profile nymeria cpu unrestricted_bank: 344852 parameters
profile nymeria cpu separate_banks: 332180 parameters
profile nymeria cpu fixed_resampling: 332180 parameters
profile nymeria cpu finetune_encoders: 332180 parameters
profile nymeria cpu no_alignment: 332180 parameters
profile nymeria cpu no_usage: 332180 parameters
profile nymeria cpu tcn: 189460 parameters
profile nymeria cpu ts_transformer: 202324 parameters
profile nymeria cpu patchtst: 177876 parameters
profile nymeria cpu distrixsense: 205876 parameters
profile nymeria cpu dense: 170228 parameters
profile nymeria cpu dense_tokens: 189236 parameters
profile nymeria cpu raw: 170228 parameters
profile nymeria cpu early_fusion: 79892 parameters
profile nymeria cpu late_fusion: 144976 parameters
profile nymeria cpu local_only: 144976 parameters
profile nymeria cpu bottleneck: 172564 parameters
profile nymeria cpu tokenlearner: 180788 parameters
profile nymeria cpu posthoc_vq: 211188 parameters
profile nymeria cpu joint_vq: 230196 parameters
profile nymeria cpu deepconvlstm: 149962 parameters
profile nymeria cpu unrestricted_bank: 265012 parameters
profile nymeria cpu separate_banks: 205876 parameters
profile nymeria cpu fixed_resampling: 205876 parameters
profile nymeria cpu finetune_encoders: 205876 parameters
profile nymeria cpu no_alignment: 205876 parameters
profile nymeria cpu no_usage: 205876 parameters
profile nymeria cpu tcn: 65556 parameters
profile nymeria cpu ts_transformer: 78420 parameters
profile nymeria cpu patchtst: 62036 parameters
profile nymeria cpu distrixsense: 62820 parameters
profile nymeria cpu dense: 44996 parameters
profile nymeria cpu dense_tokens: 54500 parameters
profile nymeria cpu raw: 44996 parameters
profile nymeria cpu early_fusion: 29028 parameters
profile nymeria cpu late_fusion: 18680 parameters
profile nymeria cpu local_only: 18680 parameters
profile nymeria cpu bottleneck: 46164 parameters
profile nymeria cpu tokenlearner: 50276 parameters
profile nymeria cpu posthoc_vq: 65476 parameters
profile nymeria cpu joint_vq: 74980 parameters
profile nymeria cpu deepconvlstm: 37530 parameters
profile nymeria cpu unrestricted_bank: 75492 parameters
profile nymeria cpu separate_banks: 62820 parameters
profile nymeria cpu fixed_resampling: 62820 parameters
profile nymeria cpu finetune_encoders: 62820 parameters
profile nymeria cpu no_alignment: 62820 parameters
profile nymeria cpu no_usage: 62820 parameters
profile nymeria cpu tcn: 14820 parameters
profile nymeria cpu ts_transformer: 27684 parameters
profile nymeria cpu patchtst: 26916 parameters
